Component: ARM Compiler 5.06 update 7 (build 960) Tool: armlink [4d3601]

==============================================================================

Section Cross References

    startup_stm32f427xx.o(RESET) refers to startup_stm32f427xx.o(STACK) for __initial_sp
    startup_stm32f427xx.o(RESET) refers to startup_stm32f427xx.o(.text) for Reset_Handler
    startup_stm32f427xx.o(RESET) refers to stm32f4xx_it.o(i.NMI_Handler) for NMI_Handler
    startup_stm32f427xx.o(RESET) refers to stm32f4xx_it.o(i.HardFault_Handler) for HardFault_Handler
    startup_stm32f427xx.o(RESET) refers to stm32f4xx_it.o(i.MemManage_Handler) for MemManage_Handler
    startup_stm32f427xx.o(RESET) refers to stm32f4xx_it.o(i.BusFault_Handler) for BusFault_Handler
    startup_stm32f427xx.o(RESET) refers to stm32f4xx_it.o(i.UsageFault_Handler) for UsageFault_Handler
    startup_stm32f427xx.o(RESET) refers to port.o(.emb_text) for SVC_Handler
    startup_stm32f427xx.o(RESET) refers to stm32f4xx_it.o(i.DebugMon_Handler) for DebugMon_Handler
    startup_stm32f427xx.o(RESET) refers to freertos_middleware.o(i.SysTick_Handler) for SysTick_Handler
    startup_stm32f427xx.o(RESET) refers to can_receive.o(i.CAN1_RX0_IRQHandler) for CAN1_RX0_IRQHandler
    startup_stm32f427xx.o(RESET) refers to ins_task.o(i.EXTI9_5_IRQHandler) for EXTI9_5_IRQHandler
    startup_stm32f427xx.o(RESET) refers to freertos_middleware.o(i.TIM3_IRQHandler) for TIM3_IRQHandler
    startup_stm32f427xx.o(RESET) refers to remote_control.o(i.USART1_IRQHandler) for USART1_IRQHandler
    startup_stm32f427xx.o(RESET) refers to remote_control.o(i.USART2_IRQHandler) for USART2_IRQHandler
    startup_stm32f427xx.o(RESET) refers to can_receive.o(i.TIM6_DAC_IRQHandler) for TIM6_DAC_IRQHandler
    startup_stm32f427xx.o(RESET) refers to can_receive.o(i.CAN2_RX0_IRQHandler) for CAN2_RX0_IRQHandler
    startup_stm32f427xx.o(RESET) refers to ins_task.o(i.DMA2_Stream5_IRQHandler) for DMA2_Stream5_IRQHandler
    startup_stm32f427xx.o(RESET) refers to usart.o(i.UART7_IRQHandler) for UART7_IRQHandler
    startup_stm32f427xx.o(RESET) refers to usart.o(i.UART8_IRQHandler) for UART8_IRQHandler
    startup_stm32f427xx.o(.text) refers to system_stm32f4xx.o(i.SystemInit) for SystemInit
    startup_stm32f427xx.o(.text) refers to entry.o(.ARM.Collect$$$$00000000) for __main
    system_stm32f4xx.o(i.SystemCoreClockUpdate) refers to system_stm32f4xx.o(.data) for SystemCoreClock
    system_stm32f4xx.o(i.SystemInit) refers to system_stm32f4xx.o(i.SetSysClock) for SetSysClock
    stm32f4xx_adc.o(i.ADC_DeInit) refers to stm32f4xx_rcc.o(i.RCC_APB2PeriphResetCmd) for RCC_APB2PeriphResetCmd
    stm32f4xx_can.o(i.CAN_DeInit) refers to stm32f4xx_rcc.o(i.RCC_APB1PeriphResetCmd) for RCC_APB1PeriphResetCmd
    stm32f4xx_can.o(i.CAN_GetITStatus) refers to stm32f4xx_can.o(i.CheckITStatus) for CheckITStatus
    stm32f4xx_cryp.o(i.CRYP_DeInit) refers to stm32f4xx_rcc.o(i.RCC_AHB2PeriphResetCmd) for RCC_AHB2PeriphResetCmd
    stm32f4xx_cryp_aes.o(i.CRYP_AES_CBC) refers to stm32f4xx_cryp.o(i.CRYP_KeyStructInit) for CRYP_KeyStructInit
    stm32f4xx_cryp_aes.o(i.CRYP_AES_CBC) refers to stm32f4xx_cryp.o(i.CRYP_FIFOFlush) for CRYP_FIFOFlush
    stm32f4xx_cryp_aes.o(i.CRYP_AES_CBC) refers to stm32f4xx_cryp.o(i.CRYP_Init) for CRYP_Init
    stm32f4xx_cryp_aes.o(i.CRYP_AES_CBC) refers to stm32f4xx_cryp.o(i.CRYP_KeyInit) for CRYP_KeyInit
    stm32f4xx_cryp_aes.o(i.CRYP_AES_CBC) refers to stm32f4xx_cryp.o(i.CRYP_Cmd) for CRYP_Cmd
    stm32f4xx_cryp_aes.o(i.CRYP_AES_CBC) refers to stm32f4xx_cryp.o(i.CRYP_GetFlagStatus) for CRYP_GetFlagStatus
    stm32f4xx_cryp_aes.o(i.CRYP_AES_CBC) refers to stm32f4xx_cryp.o(i.CRYP_IVInit) for CRYP_IVInit
    stm32f4xx_cryp_aes.o(i.CRYP_AES_CBC) refers to stm32f4xx_cryp.o(i.CRYP_GetCmdStatus) for CRYP_GetCmdStatus
    stm32f4xx_cryp_aes.o(i.CRYP_AES_CBC) refers to stm32f4xx_cryp.o(i.CRYP_DataIn) for CRYP_DataIn
    stm32f4xx_cryp_aes.o(i.CRYP_AES_CBC) refers to stm32f4xx_cryp.o(i.CRYP_DataOut) for CRYP_DataOut
    stm32f4xx_cryp_aes.o(i.CRYP_AES_CCM) refers to stm32f4xx_cryp.o(i.CRYP_KeyStructInit) for CRYP_KeyStructInit
    stm32f4xx_cryp_aes.o(i.CRYP_AES_CCM) refers to stm32f4xx_cryp.o(i.CRYP_FIFOFlush) for CRYP_FIFOFlush
    stm32f4xx_cryp_aes.o(i.CRYP_AES_CCM) refers to stm32f4xx_cryp.o(i.CRYP_KeyInit) for CRYP_KeyInit
    stm32f4xx_cryp_aes.o(i.CRYP_AES_CCM) refers to stm32f4xx_cryp.o(i.CRYP_IVInit) for CRYP_IVInit
    stm32f4xx_cryp_aes.o(i.CRYP_AES_CCM) refers to stm32f4xx_cryp.o(i.CRYP_Init) for CRYP_Init
    stm32f4xx_cryp_aes.o(i.CRYP_AES_CCM) refers to stm32f4xx_cryp.o(i.CRYP_PhaseConfig) for CRYP_PhaseConfig
    stm32f4xx_cryp_aes.o(i.CRYP_AES_CCM) refers to stm32f4xx_cryp.o(i.CRYP_DataIn) for CRYP_DataIn
    stm32f4xx_cryp_aes.o(i.CRYP_AES_CCM) refers to stm32f4xx_cryp.o(i.CRYP_Cmd) for CRYP_Cmd
    stm32f4xx_cryp_aes.o(i.CRYP_AES_CCM) refers to stm32f4xx_cryp.o(i.CRYP_GetCmdStatus) for CRYP_GetCmdStatus
[...]
    CAN2_mode_init                           0x08001279   Thumb Code   268  can.o(i.CAN2_mode_init)
    CAN_CMD_CHASSIS                          0x0800138d   Thumb Code    76  can_receive.o(i.CAN_CMD_CHASSIS)
    CAN_CMD_GIMBAL                           0x080013dd   Thumb Code    68  can_receive.o(i.CAN_CMD_GIMBAL)
    CAN_ClearITPendingBit                    0x08001429   Thumb Code   162  stm32f4xx_can.o(i.CAN_ClearITPendingBit)
    CAN_FilterInit                           0x080014d1   Thumb Code   258  stm32f4xx_can.o(i.CAN_FilterInit)
    CAN_GetITStatus                          0x080015d9   Thumb Code   284  stm32f4xx_can.o(i.CAN_GetITStatus)
    CAN_ITConfig                             0x080016f9   Thumb Code    18  stm32f4xx_can.o(i.CAN_ITConfig)
    CAN_Init                                 0x0800170b   Thumb Code   276  stm32f4xx_can.o(i.CAN_Init)
    CAN_Receive                              0x0800181f   Thumb Code   240  stm32f4xx_can.o(i.CAN_Receive)
    CAN_Transmit                             0x0800190f   Thumb Code   294  stm32f4xx_can.o(i.CAN_Transmit)
    Chassis_Auto_mode                        0x08001bb9   Thumb Code    24  chassis_task.o(i.Chassis_Auto_mode)
    Chassis_Control                          0x08001bd9   Thumb Code    88  chassis_task.o(i.Chassis_Control)
    Chassis_Init                             0x08001c35   Thumb Code    62  chassis_task.o(i.Chassis_Init)
    Chassis_PID_Init                         0x08001c81   Thumb Code    42  chassis_task.o(i.Chassis_PID_Init)
    Chassis_Rc_mode                          0x08001cbd   Thumb Code   152  chassis_task.o(i.Chassis_Rc_mode)
    Chassis_Relax_mode                       0x08001d69   Thumb Code    24  chassis_task.o(i.Chassis_Relax_mode)
    Chassis_Send_Current                     0x08001d89   Thumb Code    36  chassis_task.o(i.Chassis_Send_Current)
    Chassis_Updata                           0x08001db1   Thumb Code    76  chassis_task.o(i.Chassis_Updata)
    Chassis_mode_set                         0x08001e09   Thumb Code    96  chassis_task.o(i.Chassis_mode_set)
    DMA2_Stream5_IRQHandler                  0x08001e81   Thumb Code    66  ins_task.o(i.DMA2_Stream5_IRQHandler)
    DMA_ClearFlag                            0x08001ed9   Thumb Code    38  stm32f4xx_dma.o(i.DMA_ClearFlag)
    DMA_Cmd                                  0x08001f0d   Thumb Code    22  stm32f4xx_dma.o(i.DMA_Cmd)
    DMA_DeInit                               0x08001f25   Thumb Code   324  stm32f4xx_dma.o(i.DMA_DeInit)
    DMA_DoubleBufferModeCmd                  0x0800207d   Thumb Code    22  stm32f4xx_dma.o(i.DMA_DoubleBufferModeCmd)
    DMA_DoubleBufferModeConfig               0x08002093   Thumb Code    24  stm32f4xx_dma.o(i.DMA_DoubleBufferModeConfig)
    DMA_GetCmdStatus                         0x080020ab   Thumb Code    20  stm32f4xx_dma.o(i.DMA_GetCmdStatus)
    DMA_GetCurrDataCounter                   0x080020bf   Thumb Code     8  stm32f4xx_dma.o(i.DMA_GetCurrDataCounter)
    DMA_GetCurrentMemoryTarget               0x080020c7   Thumb Code    20  stm32f4xx_dma.o(i.DMA_GetCurrentMemoryTarget)
    DMA_GetFlagStatus                        0x080020dd   Thumb Code    54  stm32f4xx_dma.o(i.DMA_GetFlagStatus)
    DMA_ITConfig                             0x08002121   Thumb Code    58  stm32f4xx_dma.o(i.DMA_ITConfig)
    DMA_Init                                 0x0800215d   Thumb Code    82  stm32f4xx_dma.o(i.DMA_Init)
    DMA_SetCurrDataCounter                   0x080021b5   Thumb Code     4  stm32f4xx_dma.o(i.DMA_SetCurrDataCounter)
    DebugMon_Handler                         0x080021b9   Thumb Code     2  stm32f4xx_it.o(i.DebugMon_Handler)
    DetectHook                               0x080021bd   Thumb Code   288  detect_task.o(i.DetectHook)
    EXTI9_5_IRQHandler                       0x080022e1   Thumb Code    32  ins_task.o(i.EXTI9_5_IRQHandler)
    EXTI_ClearITPendingBit                   0x08002301   Thumb Code     6  stm32f4xx_exti.o(i.EXTI_ClearITPendingBit)
    EXTI_GetITStatus                         0x0800230d   Thumb Code    20  stm32f4xx_exti.o(i.EXTI_GetITStatus)
    EXTI_Init                                0x08002325   Thumb Code   142  stm32f4xx_exti.o(i.EXTI_Init)
    FLASH_ClearFlag                          0x080023b9   Thumb Code     6  stm32f4xx_flash.o(i.FLASH_ClearFlag)
    FLASH_EraseSector                        0x080023c5   Thumb Code   130  stm32f4xx_flash.o(i.FLASH_EraseSector)
    FLASH_GetStatus                          0x0800244d   Thumb Code    80  stm32f4xx_flash.o(i.FLASH_GetStatus)
    FLASH_Lock                               0x080024a1   Thumb Code    14  stm32f4xx_flash.o(i.FLASH_Lock)
    FLASH_ProgramWord                        0x080024b5   Thumb Code    74  stm32f4xx_flash.o(i.FLASH_ProgramWord)
    FLASH_Unlock                             0x08002505   Thumb Code    24  stm32f4xx_flash.o(i.FLASH_Unlock)
    FLASH_WaitForLastOperation               0x08002529   Thumb Code    34  stm32f4xx_flash.o(i.FLASH_WaitForLastOperation)
    GIMBAL_task                              0x0800254d   Thumb Code    90  gimbal_task.o(i.GIMBAL_task)
    GPIOB_Exti8_GPIO_Init                    0x080025ad   Thumb Code   130  exit_init.o(i.GPIOB_Exti8_GPIO_Init)
    GPIO_Init                                0x08002635   Thumb Code   144  stm32f4xx_gpio.o(i.GPIO_Init)
    GPIO_PinAFConfig                         0x080026c5   Thumb Code    70  stm32f4xx_gpio.o(i.GPIO_PinAFConfig)
    GPIO_ResetBits                           0x0800270b   Thumb Code     4  stm32f4xx_gpio.o(i.GPIO_ResetBits)
    GPIO_SetBits                             0x0800270f   Thumb Code     4  stm32f4xx_gpio.o(i.GPIO_SetBits)
    Get_CRC16_Check_Sum                      0x080028e5   Thumb Code    46  crc.o(i.Get_CRC16_Check_Sum)
    Get_CRC8_Check_Sum                       0x08002919   Thumb Code    32  crc.o(i.Get_CRC8_Check_Sum)
    HardFault_Handler                        0x08003261   Thumb Code     4  stm32f4xx_it.o(i.HardFault_Handler)
    INSTask                                  0x08003451   Thumb Code   696  ins_task.o(i.INSTask)
    INS_cali_gyro                            0x0800376d   Thumb Code    96  ins_task.o(i.INS_cali_gyro)
    INS_set_cali_gyro                        0x080037e1   Thumb Code    28  ins_task.o(i.INS_set_cali_gyro)
    Judge_Read_Data                          0x08003801   Thumb Code   258  judge_system.o(i.Judge_Read_Data)
    Judge_Usart_DMA_Init                     0x0800390d   Thumb Code   106  usart.o(i.Judge_Usart_DMA_Init)
    Judge_Usart_Init                         0x08003985   Thumb Code   192  usart.o(i.Judge_Usart_Init)
    Limit_Auto_Angle                         0x08003a4d   Thumb Code   126  minipc.o(i.Limit_Auto_Angle)
    MemManage_Handler                        0x08003ad9   Thumb Code     4  stm32f4xx_it.o(i.MemManage_Handler)
    NMI_Handler                              0x08003add   Thumb Code     2  stm32f4xx_it.o(i.NMI_Handler)
    NVIC_Init                                0x08003ae1   Thumb Code   106  misc.o(i.NVIC_Init)
    NVIC_PriorityGroupConfig                 0x08003b59   Thumb Code    10  misc.o(i.NVIC_PriorityGroupConfig)
    OLED_init                                0x08003b6d   Thumb Code    60  led.o(i.OLED_init)
    PID_Calc                                 0x08003bb1   Thumb Code   492  pid.o(i.PID_Calc)
    PID_Init                                 0x08003da1   Thumb Code    92  pid.o(i.PID_Init)
    RCC_AHB1PeriphClockCmd                   0x08003e01   Thumb Code    26  stm32f4xx_rcc.o(i.RCC_AHB1PeriphClockCmd)
    RCC_APB1PeriphClockCmd                   0x08003e21   Thumb Code    26  stm32f4xx_rcc.o(i.RCC_APB1PeriphClockCmd)
    RCC_APB1PeriphResetCmd                   0x08003e41   Thumb Code    26  stm32f4xx_rcc.o(i.RCC_APB1PeriphResetCmd)
    RCC_APB2PeriphClockCmd                   0x08003e61   Thumb Code    26  stm32f4xx_rcc.o(i.RCC_APB2PeriphClockCmd)
    RCC_APB2PeriphResetCmd                   0x08003e81   Thumb Code    26  stm32f4xx_rcc.o(i.RCC_APB2PeriphResetCmd)
    RCC_GetClocksFreq                        0x08003ea1   Thumb Code   214  stm32f4xx_rcc.o(i.RCC_GetClocksFreq)
    RC_Init                                  0x08003f89   Thumb Code   312  rc.o(i.RC_Init)
    RC_unable                                0x080043ad   Thumb Code    12  rc.o(i.RC_unable)
    SPI5Init                                 0x08004499   Thumb Code   182  spi.o(i.SPI5Init)
    SPI5SetSpeedAndDataSize                  0x08004559   Thumb Code    42  spi.o(i.SPI5SetSpeedAndDataSize)
    SPI5_DMA_Enable                          0x08004589   Thumb Code   104  spi.o(i.SPI5_DMA_Enable)
    SPI5_DMA_Init                            0x080045fd   Thumb Code   240  spi.o(i.SPI5_DMA_Init)
    SPI_Cmd                                  0x080046f5   Thumb Code    24  stm32f4xx_spi.o(i.SPI_Cmd)
    SPI_I2S_DMACmd                           0x0800470d   Thumb Code    18  stm32f4xx_spi.o(i.SPI_I2S_DMACmd)
    SPI_I2S_GetFlagStatus                    0x0800471f   Thumb Code    18  stm32f4xx_spi.o(i.SPI_I2S_GetFlagStatus)
    SPI_I2S_ReceiveData                      0x08004731   Thumb Code     6  stm32f4xx_spi.o(i.SPI_I2S_ReceiveData)
    SPI_I2S_SendData                         0x08004737   Thumb Code     4  stm32f4xx_spi.o(i.SPI_I2S_SendData)
    SPI_Init                                 0x0800473b   Thumb Code    60  stm32f4xx_spi.o(i.SPI_Init)
    SYSCFG_EXTILineConfig                    0x08004779   Thumb Code    60  stm32f4xx_syscfg.o(i.SYSCFG_EXTILineConfig)
    Sensor_Init                              0x080047b9   Thumb Code    42  sensor_sw.o(i.Sensor_Init)
    SysTick_CLKSourceConfig                  0x08004c01   Thumb Code    40  misc.o(i.SysTick_CLKSourceConfig)
    SysTick_Handler                          0x08004c29   Thumb Code    16  freertos_middleware.o(i.SysTick_Handler)
    SystemInit                               0x08004c39   Thumb Code    88  system_stm32f4xx.o(i.SystemInit)
    TIM3_IRQHandler                          0x08004ca1   Thumb Code    40  freertos_middleware.o(i.TIM3_IRQHandler)
    TIM3_Init                                0x08004cd1   Thumb Code   210  timer.o(i.TIM3_Init)
    TIM6_DAC_IRQHandler                      0x08004dad   Thumb Code    30  can_receive.o(i.TIM6_DAC_IRQHandler)
    TIM6_Init                                0x08004dd1   Thumb Code   116  timer.o(i.TIM6_Init)
    TIM_ARRPreloadConfig                     0x08004e49   Thumb Code    24  stm32f4xx_tim.o(i.TIM_ARRPreloadConfig)
    TIM_ClearFlag                            0x08004e61   Thumb Code     6  stm32f4xx_tim.o(i.TIM_ClearFlag)
    TIM_Cmd                                  0x08004e67   Thumb Code    24  stm32f4xx_tim.o(i.TIM_Cmd)
    TIM_CtrlPWMOutputs                       0x08004e7f   Thumb Code    30  stm32f4xx_tim.o(i.TIM_CtrlPWMOutputs)
    TIM_DeInit                               0x08004e9d   Thumb Code   346  stm32f4xx_tim.o(i.TIM_DeInit)
    TIM_GetITStatus                          0x0800502d   Thumb Code    34  stm32f4xx_tim.o(i.TIM_GetITStatus)
    TIM_ITConfig                             0x0800504f   Thumb Code    18  stm32f4xx_tim.o(i.TIM_ITConfig)
    TIM_OC1Init                              0x08005061   Thumb Code   114  stm32f4xx_tim.o(i.TIM_OC1Init)
    TIM_OC1PreloadConfig                     0x080050dd   Thumb Code    18  stm32f4xx_tim.o(i.TIM_OC1PreloadConfig)
    TIM_OC2Init                              0x080050f1   Thumb Code   154  stm32f4xx_tim.o(i.TIM_OC2Init)
    TIM_OC2PreloadConfig                     0x08005195   Thumb Code    26  stm32f4xx_tim.o(i.TIM_OC2PreloadConfig)
    TIM_OC4Init                              0x080051b1   Thumb Code   112  stm32f4xx_tim.o(i.TIM_OC4Init)
    TIM_OC4PreloadConfig                     0x08005229   Thumb Code    26  stm32f4xx_tim.o(i.TIM_OC4PreloadConfig)
    TIM_SetCompare1                          0x08005243   Thumb Code     4  stm32f4xx_tim.o(i.TIM_SetCompare1)
    TIM_SetCompare2                          0x08005247   Thumb Code     4  stm32f4xx_tim.o(i.TIM_SetCompare2)
    TIM_SetCompare4                          0x0800524b   Thumb Code     4  stm32f4xx_tim.o(i.TIM_SetCompare4)
    TIM_TimeBaseInit                         0x08005251   Thumb Code   104  stm32f4xx_tim.o(i.TIM_TimeBaseInit)
    UART7_IRQHandler                         0x080052d5   Thumb Code    76  usart.o(i.UART7_IRQHandler)
    UART8_IRQHandler                         0x08005331   Thumb Code    76  usart.o(i.UART8_IRQHandler)
    USART1_IRQHandler                        0x0800538d   Thumb Code   216  remote_control.o(i.USART1_IRQHandler)
    USART2_IRQHandler                        0x0800547d   Thumb Code    56  remote_control.o(i.USART2_IRQHandler)
    USART_ClearFlag                          0x080054bd   Thumb Code    18  stm32f4xx_usart.o(i.USART_ClearFlag)
    USART_Cmd                                0x080054cf   Thumb Code    24  stm32f4xx_usart.o(i.USART_Cmd)
    USART_DMACmd                             0x080054e7   Thumb Code    18  stm32f4xx_usart.o(i.USART_DMACmd)
    USART_DeInit                             0x080054f9   Thumb Code   206  stm32f4xx_usart.o(i.USART_DeInit)
    USART_GetFlagStatus                      0x080055e9   Thumb Code    26  stm32f4xx_usart.o(i.USART_GetFlagStatus)
    USART_GetITStatus                        0x08005603   Thumb Code    84  stm32f4xx_usart.o(i.USART_GetITStatus)
    USART_ITConfig                           0x08005657   Thumb Code    74  stm32f4xx_usart.o(i.USART_ITConfig)
    USART_Init                               0x080056a1   Thumb Code   204  stm32f4xx_usart.o(i.USART_Init)
    USART_ReceiveData                        0x08005775   Thumb Code    10  stm32f4xx_usart.o(i.USART_ReceiveData)
    USART_SendData                           0x0800577f   Thumb Code     8  stm32f4xx_usart.o(i.USART_SendData)
    UsageFault_Handler                       0x08005787   Thumb Code     4  stm32f4xx_it.o(i.UsageFault_Handler)
    UserTask                                 0x0800578d   Thumb Code   128  user_task.o(i.UserTask)
    Verify_CRC16_Check_Sum                   0x0800582d   Thumb Code    60  crc.o(i.Verify_CRC16_Check_Sum)
    Verify_CRC8_Check_Sum                    0x0800586d   Thumb Code    48  crc.o(i.Verify_CRC8_Check_Sum)
    Vision_Init                              0x0800589d   Thumb Code    12  minipc.o(i.Vision_Init)
    Vision_Read_Data                         0x080058ad   Thumb Code   116  minipc.o(i.Vision_Read_Data)
    Vision_Usart_DMA_Init                    0x08005929   Thumb Code   106  usart.o(i.Vision_Usart_DMA_Init)
    Vision_Usart_Init                        0x080059a1   Thumb Code   194  usart.o(i.Vision_Usart_Init)
    Vision_clean_flag                        0x08005a6d   Thumb Code     8  minipc.o(i.Vision_clean_flag)
    __0printf                                0x08005a79   Thumb Code    22  printfa.o(i.__0printf)
    __1printf                                0x08005a79   Thumb Code     0  printfa.o(i.__0printf)
    __2printf                                0x08005a79   Thumb Code     0  printfa.o(i.__0printf)
    __c89printf                              0x08005a79   Thumb Code     0  printfa.o(i.__0printf)
    printf                                   0x08005a79   Thumb Code     0  printfa.o(i.__0printf)
    __ARM_fpclassifyf                        0x08005a99   Thumb Code    38  fpclassifyf.o(i.__ARM_fpclassifyf)
    __hardfp_asinf                           0x08005ac1   Thumb Code   258  asinf.o(i.__hardfp_asinf)
    __hardfp_atan2f                          0x08005bed   Thumb Code   594  atan2f.o(i.__hardfp_atan2f)
    __hardfp_fabs                            0x08005e99   Thumb Code    20  fabs.o(i.__hardfp_fabs)
    __mathlib_flt_infnan                     0x08005ead   Thumb Code     6  funder.o(i.__mathlib_flt_infnan)
    __mathlib_flt_infnan2                    0x08005eb3   Thumb Code     6  funder.o(i.__mathlib_flt_infnan2)
    __mathlib_flt_invalid                    0x08005eb9   Thumb Code    10  funder.o(i.__mathlib_flt_invalid)
    __mathlib_flt_underflow                  0x08005ec9   Thumb Code    10  funder.o(i.__mathlib_flt_underflow)
    __scatterload_copy                       0x08005ed9   Thumb Code    14  handlers.o(i.__scatterload_copy)
    __scatterload_null                       0x08005ee7   Thumb Code     2  handlers.o(i.__scatterload_null)
    __scatterload_zeroinit                   0x08005ee9   Thumb Code    14  handlers.o(i.__scatterload_zeroinit)
    __set_errno                              0x08005ef9   Thumb Code     6  errno.o(i.__set_errno)
    bule_tooth_init                          0x08006c59   Thumb Code   202  rc.o(i.bule_tooth_init)
    buzzer_off                               0x08006d2d   Thumb Code    12  buzzer.o(i.buzzer_off)
    buzzer_on                                0x08006d3d   Thumb Code    22  buzzer.o(i.buzzer_on)
    cali_param_init                          0x08007019   Thumb Code   168  calibrate_task.o(i.cali_param_init)
    calibrate_task                           0x080070d1   Thumb Code   304  calibrate_task.o(i.calibrate_task)
    chassis_auto_patrol                      0x08007219   Thumb Code   158  chassis_task.o(i.chassis_auto_patrol)
    chassis_task                             0x080072c1   Thumb Code    64  chassis_task.o(i.chassis_task)
    delay_init                               0x08007301   Thumb Code    90  delay.o(i.delay_init)
    delay_ms                                 0x0800736d   Thumb Code    76  delay.o(i.delay_ms)
    delay_us                                 0x080073bd   Thumb Code    76  delay.o(i.delay_us)
    first_order_filter_cali                  0x0800740d   Thumb Code    84  user_lib.o(i.first_order_filter_cali)
    first_order_filter_init                  0x08007461   Thumb Code    32  user_lib.o(i.first_order_filter_init)
    flash_read                               0x08007485   Thumb Code    32  flash.o(i.flash_read)
    flash_write_single_address               0x080074a5   Thumb Code   184  flash.o(i.flash_write_single_address)
    flow_led_off                             0x0800755d   Thumb Code    20  led.o(i.flow_led_off)
    fp32_constrain                           0x08007575   Thumb Code    42  user_lib.o(i.fp32_constrain)
    fputc                                    0x080075a1   Thumb Code    32  user_task.o(i.fputc)
    fric1_on                                 0x080075c5   Thumb Code    14  fric.o(i.fric1_on)
    fric2_on                                 0x080075d9   Thumb Code    14  fric.o(i.fric2_on)
    fric_PWM_configuration                   0x080075ed   Thumb Code   306  fric.o(i.fric_PWM_configuration)
    fric_off                                 0x08007731   Thumb Code    24  fric.o(i.fric_off)
    get_AUTO_control_point                   0x08007785   Thumb Code     4  minipc.o(i.get_AUTO_control_point)
    get_Chassis_Motor_Measure_Point          0x0800778d   Thumb Code    18  can_receive.o(i.get_Chassis_Motor_Measure_Point)
    get_INS_angle_point                      0x080077a5   Thumb Code     4  ins_task.o(i.get_INS_angle_point)
    get_MPU6500_Gyro_Data_Point              0x080077ad   Thumb Code     4  ins_task.o(i.get_MPU6500_Gyro_Data_Point)
    get_Pitch_Gimbal_Motor_Measure_Point     0x080077b5   Thumb Code     4  can_receive.o(i.get_Pitch_Gimbal_Motor_Measure_Point)
    get_Switch_Status                        0x080077bd   Thumb Code    66  sensor_sw.o(i.get_Switch_Status)
    get_Trigger_Motor_Measure_Point          0x08007809   Thumb Code     4  can_receive.o(i.get_Trigger_Motor_Measure_Point)
    get_Yaw_Gimbal_Motor_Measure_Point       0x08007811   Thumb Code     4  can_receive.o(i.get_Yaw_Gimbal_Motor_Measure_Point)
    get_angle                                0x08007819   Thumb Code   232  ahrs.o(i.get_angle)
    get_control_temperate                    0x08007901   Thumb Code     8  calibrate_task.o(i.get_control_temperate)
    get_motor_point                          0x0800790d   Thumb Code     4  chassis_task.o(i.get_motor_point)
    get_remote_control_point                 0x08007915   Thumb Code     4  remote_control.o(i.get_remote_control_point)
    get_temprate                             0x0800791d   Thumb Code    80  adc.o(i.get_temprate)
    gyro_offset                              0x08007ab9   Thumb Code    98  mpu6500driver.o(i.gyro_offset)
    ist8310_GPIO_init                        0x08007b21   Thumb Code    84  ist8310driver_middleware.o(i.ist8310_GPIO_init)
    ist8310_IIC_read_single_reg              0x08007b79   Thumb Code    40  ist8310driver_middleware.o(i.ist8310_IIC_read_single_reg)
    ist8310_IIC_write_single_reg             0x08007ba5   Thumb Code    32  ist8310driver_middleware.o(i.ist8310_IIC_write_single_reg)
    ist8310_RST_H                            0x08007bc9   Thumb Code    12  ist8310driver_middleware.o(i.ist8310_RST_H)
    ist8310_RST_L                            0x08007bd9   Thumb Code    12  ist8310driver_middleware.o(i.ist8310_RST_L)
    ist8310_auto_com_by_mpu6500              0x08007be9   Thumb Code    20  ist8310driver_middleware.o(i.ist8310_auto_com_by_mpu6500)
    ist8310_com_init                         0x08007c01   Thumb Code     2  ist8310driver_middleware.o(i.ist8310_com_init)
    ist8310_delay_ms                         0x08007c03   Thumb Code    12  ist8310driver_middleware.o(i.ist8310_delay_ms)
    ist8310_delay_us                         0x08007c0f   Thumb Code    12  ist8310driver_middleware.o(i.ist8310_delay_us)
    ist8310_init                             0x08007c1d   Thumb Code   140  ist8310driver.o(i.ist8310_init)
    ist8310_read_over                        0x08007cad   Thumb Code   126  ist8310driver.o(i.ist8310_read_over)
    laser_configuration                      0x08007d31   Thumb Code    54  laser.o(i.laser_configuration)
    laser_off                                0x08007d6d   Thumb Code    14  laser.o(i.laser_off)
    laser_on                                 0x08007d81   Thumb Code    14  laser.o(i.laser_on)
    led_configuration                        0x08007d95   Thumb Code    98  led.o(i.led_configuration)
    led_green_off                            0x08007e05   Thumb Code    14  led.o(i.led_green_off)
    led_green_on                             0x08007e19   Thumb Code    14  led.o(i.led_green_on)
    led_red_off                              0x08007e2d   Thumb Code    14  led.o(i.led_red_off)
    loop_fp32_constrain                      0x08007e41   Thumb Code    96  user_lib.o(i.loop_fp32_constrain)
    main                                     0x08007ea1   Thumb Code    30  main.o(i.main)
    mpu6500_GPIO_init                        0x08007ec1   Thumb Code    48  mpu6500driver_middleware.o(i.mpu6500_GPIO_init)
    mpu6500_SPI_NS_H                         0x08007ef5   Thumb Code    12  mpu6500driver_middleware.o(i.mpu6500_SPI_NS_H)
    mpu6500_SPI_NS_L                         0x08007f05   Thumb Code    12  mpu6500driver_middleware.o(i.mpu6500_SPI_NS_L)
    mpu6500_com_init                         0x08007f69   Thumb Code     8  mpu6500driver_middleware.o(i.mpu6500_com_init)
    mpu6500_init                             0x08007f71   Thumb Code   192  mpu6500driver.o(i.mpu6500_init)
    mpu6500_middleware_delay_ms              0x08008035   Thumb Code    12  mpu6500driver_middleware.o(i.mpu6500_middleware_delay_ms)
    mpu6500_middleware_delay_us              0x08008041   Thumb Code    12  mpu6500driver_middleware.o(i.mpu6500_middleware_delay_us)
    mpu6500_read_over                        0x0800804d   Thumb Code   304  mpu6500driver.o(i.mpu6500_read_over)
    mpu6500_read_single_reg                  0x0800818d   Thumb Code    32  mpu6500driver_middleware.o(i.mpu6500_read_single_reg)
    mpu6500_write_muli_reg                   0x080081ad   Thumb Code    52  mpu6500driver_middleware.o(i.mpu6500_write_muli_reg)
    mpu6500_write_single_reg                 0x080081e1   Thumb Code    28  mpu6500driver_middleware.o(i.mpu6500_write_single_reg)
    pcTaskGetName                            0x080081fd   Thumb Code    44  tasks.o(i.pcTaskGetName)
    power_ctrl_configuration                 0x0800822d   Thumb Code    66  power_ctrl.o(i.power_ctrl_configuration)
    power_ctrl_off                           0x08008275   Thumb Code    26  power_ctrl.o(i.power_ctrl_off)
    power_ctrl_on                            0x08008295   Thumb Code    26  power_ctrl.o(i.power_ctrl_on)
    pvPortMalloc                             0x08008d99   Thumb Code   296  heap_4.o(i.pvPortMalloc)
    pvTaskIncrementMutexHeldCount            0x08008ed5   Thumb Code    26  tasks.o(i.pvTaskIncrementMutexHeldCount)
    pxPortInitialiseStack                    0x08008ef5   Thumb Code    38  port.o(i.pxPortInitialiseStack)
    ramp_calc                                0x08008fa5   Thumb Code    90  user_lib.o(i.ramp_calc)
    ramp_init                                0x08009001   Thumb Code    40  user_lib.o(i.ramp_init)
    remote_control_init                      0x080090dd   Thumb Code    20  remote_control.o(i.remote_control_init)
    shoot_control_loop                       0x08009285   Thumb Code   372  shoot.o(i.shoot_control_loop)
    shoot_init                               0x08009491   Thumb Code   160  shoot.o(i.shoot_init)
    sqrtf                                    0x0800974d   Thumb Code    62  sqrtf_full.o(i.sqrtf)
    startTast                                0x0800978d   Thumb Code    24  start_task.o(i.startTast)
    start_task                               0x080097b9   Thumb Code   132  start_task.o(i.start_task)
    super_cap_configuration                  0x080098a1   Thumb Code    54  super_cap.o(i.super_cap_configuration)
    super_cap_none                           0x080098dd   Thumb Code    24  super_cap.o(i.super_cap_none)
    temperature_ADC_init                     0x08009925   Thumb Code    80  adc.o(i.temperature_ADC_init)
    test_speed                               0x08009979   Thumb Code    54  chassis_task.o(i.test_speed)
    toe_is_error                             0x080099b9   Thumb Code    20  detect_task.o(i.toe_is_error)
    ulTaskNotifyTake                         0x080099d1   Thumb Code   108  tasks.o(i.ulTaskNotifyTake)
    uxListRemove                             0x08009abf   Thumb Code    40  list.o(i.uxListRemove)
    uxTaskGetStackHighWaterMark              0x08009ae9   Thumb Code    34  tasks.o(i.uxTaskGetStackHighWaterMark)
    vListInitialise                          0x08009b11   Thumb Code    26  list.o(i.vListInitialise)
    vListInitialiseItem                      0x08009b2b   Thumb Code     6  list.o(i.vListInitialiseItem)
    vListInsert                              0x08009b31   Thumb Code    52  list.o(i.vListInsert)
    vListInsertEnd                           0x08009b65   Thumb Code    24  list.o(i.vListInsertEnd)
    vPortEnterCritical                       0x08009b7d   Thumb Code    76  port.o(i.vPortEnterCritical)
    vPortExitCritical                        0x08009bd1   Thumb Code    56  port.o(i.vPortExitCritical)
    vPortFree                                0x08009c0d   Thumb Code   140  heap_4.o(i.vPortFree)
    vPortSetupTimerInterrupt                 0x08009ca1   Thumb Code     2  freertos_middleware.o(i.vPortSetupTimerInterrupt)
    vPortValidateInterruptPriority           0x08009ca5   Thumb Code   106  port.o(i.vPortValidateInterruptPriority)
    vQueueAddToRegistry                      0x08009d1d   Thumb Code    38  queue.o(i.vQueueAddToRegistry)
    vQueueWaitForMessageRestricted           0x08009d49   Thumb Code    74  queue.o(i.vQueueWaitForMessageRestricted)
    vTaskDelay                               0x08009d95   Thumb Code    82  tasks.o(i.vTaskDelay)
    vTaskDelete                              0x08009df1   Thumb Code   202  tasks.o(i.vTaskDelete)
    vTaskMissedYield                         0x08009ee5   Thumb Code     8  tasks.o(i.vTaskMissedYield)
    vTaskNotifyGiveFromISR                   0x08009ef1   Thumb Code   216  tasks.o(i.vTaskNotifyGiveFromISR)
    vTaskPlaceOnEventList                    0x08009fe1   Thumb Code    52  tasks.o(i.vTaskPlaceOnEventList)
    vTaskPlaceOnEventListRestricted          0x0800a019   Thumb Code    60  tasks.o(i.vTaskPlaceOnEventListRestricted)
    vTaskPriorityInherit                     0x0800a059   Thumb Code   164  tasks.o(i.vTaskPriorityInherit)
    vTaskSetTimeOutState                     0x0800a109   Thumb Code    38  tasks.o(i.vTaskSetTimeOutState)
    vTaskStartScheduler                      0x0800a139   Thumb Code   118  tasks.o(i.vTaskStartScheduler)
    vTaskSuspendAll                          0x0800a1cd   Thumb Code    12  tasks.o(i.vTaskSuspendAll)
    vTaskSwitchContext                       0x0800a1dd   Thumb Code   118  tasks.o(i.vTaskSwitchContext)
    xPortStartScheduler                      0x0800a269   Thumb Code   288  port.o(i.xPortStartScheduler)
    xPortSysTickHandler                      0x0800a3a5   Thumb Code    46  port.o(i.xPortSysTickHandler)
    xQueueGenericCreate                      0x0800a3d9   Thumb Code    88  queue.o(i.xQueueGenericCreate)
    xQueueGenericReceive                     0x0800a431   Thumb Code   446  queue.o(i.xQueueGenericReceive)
    xQueueGenericReset                       0x0800a5f5   Thumb Code   146  queue.o(i.xQueueGenericReset)
    xQueueGenericSend                        0x0800a68d   Thumb Code   452  queue.o(i.xQueueGenericSend)
    xQueueGenericSendFromISR                 0x0800a855   Thumb Code   264  queue.o(i.xQueueGenericSendFromISR)
    xTaskCheckForTimeOut                     0x0800a95d   Thumb Code   132  tasks.o(i.xTaskCheckForTimeOut)
    xTaskCreate                              0x0800a9e9   Thumb Code    96  tasks.o(i.xTaskCreate)
    xTaskGetHandle                           0x0800aa49   Thumb Code   142  tasks.o(i.xTaskGetHandle)
    xTaskGetSchedulerState                   0x0800aaed   Thumb Code    24  tasks.o(i.xTaskGetSchedulerState)
    xTaskGetTickCount                        0x0800ab0d   Thumb Code     6  tasks.o(i.xTaskGetTickCount)
    xTaskIncrementTick                       0x0800ab19   Thumb Code   282  tasks.o(i.xTaskIncrementTick)
    xTaskPriorityDisinherit                  0x0800ac61   Thumb Code   188  tasks.o(i.xTaskPriorityDisinherit)
    xTaskRemoveFromEventList                 0x0800ad29   Thumb Code   128  tasks.o(i.xTaskRemoveFromEventList)
    xTaskResumeAll                           0x0800adc1   Thumb Code   224  tasks.o(i.xTaskResumeAll)
    xTimerCreateTimerTask                    0x0800aec5   Thumb Code    64  timers.o(i.xTimerCreateTimerTask)
    xTimerGenericCommand                     0x0800af19   Thumb Code   126  timers.o(i.xTimerGenericCommand)
    CRC8_INIT                                0x0800afd2   Data           1  crc.o(.constdata)
    CRC8_TAB                                 0x0800afd3   Data         256  crc.o(.constdata)
    wCRC_Table                               0x0800b0d4   Data         512  crc.o(.constdata)
    sinTable_f32                             0x0800b398   Data        2052  arm_common_tables.o(.constdata)
    Region$$Table$$Base                      0x0800bb9c   Number         0  anon$$obj.o(Region$$Table)
    Region$$Table$$Limit                     0x0800bbbc   Number         0  anon$$obj.o(Region$$Table)
    SystemCoreClock                          0x20000000   Data           4  system_stm32f4xx.o(.data)
    AHBPrescTable                            0x20000004   Data          16  system_stm32f4xx.o(.data)
    pxCurrentTCB                             0x20000024   Data           4  tasks.o(.data)
    status                                   0x200000a4   Data           1  sensor_sw.o(.data)
    CRC_INIT                                 0x200000a6   Data           2  crc.o(.data)
    calibrate_task_stack                     0x200000b0   Data           4  calibrate_task.o(.data)
    cali_hook_fun                            0x200000dc   Data          20  calibrate_task.o(.data)
    FreeRTOSRunTimeTicks                     0x20000108   Data           8  freertos_middleware.o(.data)
    INSTaskStack                             0x2000011c   Data           4  ins_task.o(.data)
    USART2_RX_STA                            0x20000198   Data           2  remote_control.o(.data)
    GIMBALTask_Handler                       0x200001bc   Data           4  start_task.o(.data)
    ChassisTask_Handler                      0x200001c0   Data           4  start_task.o(.data)
    UserTaskStack                            0x200001d4   Data           4  user_task.o(.data)
    Robot_Type                               0x200001e4   Data           1  judge_system.o(.data)
    __stdout                                 0x200001f8   Data           4  stdout.o(.data)
    xQueueRegistry                           0x20000200   Data          64  queue.o(.bss)
    angle_degree                             0x20020e3c   Data          12  user_task.o(.bss)
    __initial_sp                             0x200212e8   Data           0  startup_stm32f427xx.o(STACK)



==============================================================================

Memory Map of the image

  Image Entry point : 0x080001ad

  Load Region LR_IROM1 (Base: 0x08000000, Size: 0x0000bdbc, Max: 0x00200000, ABSOLUTE, COMPRESSED[0x0000bc20])

    Execution Region ER_IROM1 (Exec base: 0x08000000, Load base: 0x08000000, Size: 0x0000bbbc, Max: 0x00200000, ABSOLUTE)

    Exec Addr    Load Addr    Size         Type   Attr      Idx    E Section Name        Object

    0x08000000   0x08000000   0x000001ac   Data   RO            3    RESET               startup_stm32f427xx.o
    0x080001ac   0x080001ac   0x00000000   Code   RO         9359  * .ARM.Collect$$$$00000000  mc_w.l(entry.o)
    0x080001ac   0x080001ac   0x00000004   Code   RO         9670    .ARM.Collect$$$$00000001  mc_w.l(entry2.o)
    0x080001b0   0x080001b0   0x00000004   Code   RO         9673    .ARM.Collect$$$$00000004  mc_w.l(entry5.o)
    0x080001b4   0x080001b4   0x00000000   Code   RO         9675    .ARM.Collect$$$$00000008  mc_w.l(entry7b.o)
    0x080001b4   0x080001b4   0x00000000   Code   RO         9677    .ARM.Collect$$$$0000000A  mc_w.l(entry8b.o)
    0x080001b4   0x080001b4   0x00000008   Code   RO         9678    .ARM.Collect$$$$0000000B  mc_w.l(entry9a.o)
    0x080001bc   0x080001bc   0x00000004   Code   RO         9685    .ARM.Collect$$$$0000000E  mc_w.l(entry12b.o)
    0x080001c0   0x080001c0   0x00000000   Code   RO         9680    .ARM.Collect$$$$0000000F  mc_w.l(entry10a.o)
    0x080001c0   0x080001c0   0x00000000   Code   RO         9682    .ARM.Collect$$$$00000011  mc_w.l(entry11a.o)
    0x080001c0   0x080001c0   0x00000004   Code   RO         9671    .ARM.Collect$$$$00002712  mc_w.l(entry2.o)
    0x080001c4   0x080001c4   0x000000b6   Code   RO         6325    .emb_text           port.o
    0x0800027a   0x0800027a   0x00000002   PAD
    0x0800027c   0x0800027c   0x00000034   Code   RO            4    .text               startup_stm32f427xx.o
    0x080002b0   0x080002b0   0x00000078   Code   RO         9149    .text               arm_cortexM4lf_math.lib(arm_cos_f32.o)
    0x08000328   0x08000328   0x00000074   Code   RO         9202    .text               arm_cortexM4lf_math.lib(arm_sin_f32.o)
    0x0800039c   0x0800039c   0x00000024   Code   RO         9362    .text               mc_w.l(memcpya.o)
    0x080003c0   0x080003c0   0x00000024   Code   RO         9364    .text               mc_w.l(memseta.o)
    0x080003e4   0x080003e4   0x0000000e   Code   RO         9366    .text               mc_w.l(strlen.o)
    0x080003f2   0x080003f2   0x00000026   Code   RO         9633    .text               mf_w.l(f2d.o)
    0x08000418   0x08000418   0x00000030   Code   RO         9635    .text               mf_w.l(cdcmple.o)
    0x08000448   0x08000448   0x00000030   Code   RO         9637    .text               mf_w.l(cdrcmple.o)
    0x08000478   0x08000478   0x0000002c   Code   RO         9687    .text               mc_w.l(uidiv.o)
    0x080004a4   0x080004a4   0x00000062   Code   RO         9689    .text               mc_w.l(uldiv.o)
    0x08000506   0x08000506   0x00000000   Code   RO         9698    .text               mc_w.l(iusefp.o)
    0x08000506   0x08000506   0x0000014e   Code   RO         9699    .text               mf_w.l(dadd.o)
    0x08000654   0x08000654   0x000000e4   Code   RO         9701    .text               mf_w.l(dmul.o)
    0x08000738   0x08000738   0x000000de   Code   RO         9703    .text               mf_w.l(ddiv.o)
    0x08000816   0x08000816   0x00000030   Code   RO         9705    .text               mf_w.l(dfixul.o)
    0x08000846   0x08000846   0x00000002   PAD
    0x08000848   0x08000848   0x00000024   Code   RO         9707    .text               mc_w.l(init.o)
    0x0800086c   0x0800086c   0x0000001e   Code   RO         9709    .text               mc_w.l(llshl.o)
    0x0800088a   0x0800088a   0x00000020   Code   RO         9711    .text               mc_w.l(llushr.o)
    0x080008aa   0x080008aa   0x00000024   Code   RO         9713    .text               mc_w.l(llsshr.o)
    0x080008ce   0x080008ce   0x000000ba   Code   RO         9715    .text               mf_w.l(depilogue.o)
    0x08000988   0x08000988   0x00000056   Code   RO         9729    .text               mc_w.l(__dczerorl2.o)
    0x080009de   0x080009de   0x00000006   Code   RO          353    i.ADC_ClearFlag     stm32f4xx_adc.o
    0x080009e4   0x080009e4   0x00000016   Code   RO          355    i.ADC_Cmd           stm32f4xx_adc.o
    0x080009fa   0x080009fa   0x00000002   PAD
    0x080009fc   0x080009fc   0x00000030   Code   RO          356    i.ADC_CommonInit    stm32f4xx_adc.o
    0x08000a2c   0x08000a2c   0x00000008   Code   RO          367    i.ADC_GetConversionValue  stm32f4xx_adc.o
    0x08000a34   0x08000a34   0x00000012   Code   RO          368    i.ADC_GetFlagStatus  stm32f4xx_adc.o
    0x08000a46   0x08000a46   0x00000002   PAD
    0x08000a48   0x08000a48   0x00000054   Code   RO          375    i.ADC_Init          stm32f4xx_adc.o
    0x08000a9c   0x08000a9c   0x000000b8   Code   RO          380    i.ADC_RegularChannelConfig  stm32f4xx_adc.o
    0x08000b54   0x08000b54   0x0000000a   Code   RO          382    i.ADC_SoftwareStartConv  stm32f4xx_adc.o
    0x08000b5e   0x08000b5e   0x00000002   PAD
    0x08000b60   0x08000b60   0x0000002c   Code   RO          385    i.ADC_TempSensorVrefintCmd  stm32f4xx_adc.o
    0x08000b8c   0x08000b8c   0x00000018   Code   RO         6400    i.AHRS_asinf        ahrs_middleware.o
    0x08000ba4   0x08000ba4   0x00000020   Code   RO         6401    i.AHRS_atan2f       ahrs_middleware.o
    0x08000bc4   0x08000bc4   0x00000018   Code   RO         6402    i.AHRS_cosf         ahrs_middleware.o
    0x08000bdc   0x08000bdc   0x0000001a   Code   RO         9059    i.AHRS_fabs         AHRS.lib(ahrs.o)
    0x08000bf6   0x08000bf6   0x00000002   PAD
    0x08000bf8   0x08000bf8   0x00000010   Code   RO         6403    i.AHRS_get_height   ahrs_middleware.o
    0x08000c08   0x08000c08   0x00000010   Code   RO         6404    i.AHRS_get_latitude  ahrs_middleware.o
    0x08000c18   0x08000c18   0x0000029c   Code   RO         9060    i.AHRS_init         AHRS.lib(ahrs.o)
    0x08000eb4   0x08000eb4   0x0000003c   Code   RO         6405    i.AHRS_invSqrt      ahrs_middleware.o
    0x08000ef0   0x08000ef0   0x00000018   Code   RO         6406    i.AHRS_sinf         ahrs_middleware.o
    0x08000f08   0x08000f08   0x0000013a   Code   RO         9061    i.AHRS_update       AHRS.lib(ahrs.o)
    0x08001042   0x08001042   0x00000002   PAD
    0x08001044   0x08001044   0x00000040   Code   RO         8513    i.Angle_Limit       gimbal_task.o
    0x08001084   0x08001084   0x00000080   Code   RO         6870    i.BSP_init          main.o
    0x08001104   0x08001104   0x00000004   Code   RO           13    i.BusFault_Handler  stm32f4xx_it.o
    0x08001108   0x08001108   0x00000030   Code   RO         8205    i.CAN1_RX0_IRQHandler  can_receive.o
    0x08001138   0x08001138   0x00000110   Code   RO         7152    i.CAN1_mode_init    can.o
    0x08001248   0x08001248   0x00000030   Code   RO         8206    i.CAN2_RX0_IRQHandler  can_receive.o
    0x08001278   0x08001278   0x00000114   Code   RO         7153    i.CAN2_mode_init    can.o
    0x0800138c   0x0800138c   0x00000050   Code   RO         8207    i.CAN_CMD_CHASSIS   can_receive.o
    0x080013dc   0x080013dc   0x0000004c   Code   RO         8209    i.CAN_CMD_GIMBAL    can_receive.o
    0x08001428   0x08001428   0x000000a8   Code   RO          597    i.CAN_ClearITPendingBit  stm32f4xx_can.o
    0x080014d0   0x080014d0   0x00000108   Code   RO          601    i.CAN_FilterInit    stm32f4xx_can.o
    0x080015d8   0x080015d8   0x00000120   Code   RO          603    i.CAN_GetITStatus   stm32f4xx_can.o
    0x080016f8   0x080016f8   0x00000012   Code   RO          607    i.CAN_ITConfig      stm32f4xx_can.o
    0x0800170a   0x0800170a   0x00000114   Code   RO          608    i.CAN_Init          stm32f4xx_can.o
    0x0800181e   0x0800181e   0x000000f0   Code   RO          611    i.CAN_Receive       stm32f4xx_can.o
    0x0800190e   0x0800190e   0x00000126   Code   RO          616    i.CAN_Transmit      stm32f4xx_can.o
    0x08001a34   0x08001a34   0x00000184   Code   RO         8210    i.CAN_hook          can_receive.o
    0x08001bb8   0x08001bb8   0x00000020   Code   RO         8300    i.Chassis_Auto_mode  chassis_task.o
    0x08001bd8   0x08001bd8   0x0000005c   Code   RO         8301    i.Chassis_Control   chassis_task.o
    0x08001c34   0x08001c34   0x0000004c   Code   RO         8302    i.Chassis_Init      chassis_task.o
    0x08001c80   0x08001c80   0x0000003c   Code   RO         8303    i.Chassis_PID_Init  chassis_task.o
    0x08001cbc   0x08001cbc   0x000000ac   Code   RO         8304    i.Chassis_Rc_mode   chassis_task.o
    0x08001d68   0x08001d68   0x00000020   Code   RO         8305    i.Chassis_Relax_mode  chassis_task.o
    0x08001d88   0x08001d88   0x00000028   Code   RO         8306    i.Chassis_Send_Current  chassis_task.o
    0x08001db0   0x08001db0   0x00000058   Code   RO         8307    i.Chassis_Updata    chassis_task.o
    0x08001e08   0x08001e08   0x00000064   Code   RO         8308    i.Chassis_mode_set  chassis_task.o
    0x08001e6c   0x08001e6c   0x00000012   Code   RO          619    i.CheckITStatus     stm32f4xx_can.o
    0x08001e7e   0x08001e7e   0x00000002   PAD
    0x08001e80   0x08001e80   0x00000058   Code   RO         8617    i.DMA2_Stream5_IRQHandler  ins_task.o
    0x08001ed8   0x08001ed8   0x00000034   Code   RO         1374    i.DMA_ClearFlag     stm32f4xx_dma.o
    0x08001f0c   0x08001f0c   0x00000016   Code   RO         1376    i.DMA_Cmd           stm32f4xx_dma.o
    0x08001f22   0x08001f22   0x00000002   PAD
    0x08001f24   0x08001f24   0x00000158   Code   RO         1377    i.DMA_DeInit        stm32f4xx_dma.o
    0x0800207c   0x0800207c   0x00000016   Code   RO         1378    i.DMA_DoubleBufferModeCmd  stm32f4xx_dma.o
    0x08002092   0x08002092   0x00000018   Code   RO         1379    i.DMA_DoubleBufferModeConfig  stm32f4xx_dma.o
    0x080020aa   0x080020aa   0x00000014   Code   RO         1381    i.DMA_GetCmdStatus  stm32f4xx_dma.o
    0x080020be   0x080020be   0x00000008   Code   RO         1382    i.DMA_GetCurrDataCounter  stm32f4xx_dma.o
    0x080020c6   0x080020c6   0x00000014   Code   RO         1383    i.DMA_GetCurrentMemoryTarget  stm32f4xx_dma.o
    0x080020da   0x080020da   0x00000002   PAD
    0x080020dc   0x080020dc   0x00000044   Code   RO         1385    i.DMA_GetFlagStatus  stm32f4xx_dma.o
    0x08002120   0x08002120   0x0000003a   Code   RO         1387    i.DMA_ITConfig      stm32f4xx_dma.o
    0x0800215a   0x0800215a   0x00000002   PAD
    0x0800215c   0x0800215c   0x00000058   Code   RO         1388    i.DMA_Init          stm32f4xx_dma.o
    0x080021b4   0x080021b4   0x00000004   Code   RO         1391    i.DMA_SetCurrDataCounter  stm32f4xx_dma.o
    0x080021b8   0x080021b8   0x00000002   Code   RO           14    i.DebugMon_Handler  stm32f4xx_it.o
    0x080021ba   0x080021ba   0x00000002   PAD
    0x080021bc   0x080021bc   0x00000124   Code   RO         8415    i.DetectHook        detect_task.o
    0x080022e0   0x080022e0   0x00000020   Code   RO         8618    i.EXTI9_5_IRQHandler  ins_task.o
    0x08002300   0x08002300   0x0000000c   Code   RO         1660    i.EXTI_ClearITPendingBit  stm32f4xx_exti.o
    0x0800230c   0x0800230c   0x00000018   Code   RO         1664    i.EXTI_GetITStatus  stm32f4xx_exti.o
    0x08002324   0x08002324   0x00000094   Code   RO         1665    i.EXTI_Init         stm32f4xx_exti.o
    0x080023b8   0x080023b8   0x0000000c   Code   RO         1725    i.FLASH_ClearFlag   stm32f4xx_flash.o
    0x080023c4   0x080023c4   0x00000088   Code   RO         1731    i.FLASH_EraseSector  stm32f4xx_flash.o
    0x0800244c   0x0800244c   0x00000054   Code   RO         1733    i.FLASH_GetStatus   stm32f4xx_flash.o
    0x080024a0   0x080024a0   0x00000014   Code   RO         1737    i.FLASH_Lock        stm32f4xx_flash.o
    0x080024b4   0x080024b4   0x00000050   Code   RO         1761    i.FLASH_ProgramWord  stm32f4xx_flash.o
    0x08002504   0x08002504   0x00000024   Code   RO         1763    i.FLASH_Unlock      stm32f4xx_flash.o
    0x08002528   0x08002528   0x00000022   Code   RO         1764    i.FLASH_WaitForLastOperation  stm32f4xx_flash.o
    0x0800254a   0x0800254a   0x00000002   PAD
    0x0800254c   0x0800254c   0x00000060   Code   RO         8514    i.GIMBAL_task       gimbal_task.o
    0x080025ac   0x080025ac   0x00000088   Code   RO         7226    i.GPIOB_Exti8_GPIO_Init  exit_init.o
    0x08002634   0x08002634   0x00000090   Code   RO         2221    i.GPIO_Init         stm32f4xx_gpio.o
    0x080026c4   0x080026c4   0x00000046   Code   RO         2222    i.GPIO_PinAFConfig  stm32f4xx_gpio.o
    0x0800270a   0x0800270a   0x00000004   Code   RO         2228    i.GPIO_ResetBits    stm32f4xx_gpio.o
    0x0800270e   0x0800270e   0x00000004   Code   RO         2229    i.GPIO_SetBits      stm32f4xx_gpio.o
    0x08002712   0x08002712   0x00000002   PAD
    0x08002714   0x08002714   0x000001d0   Code   RO         7254    i.GetSector         flash.o
    0x080028e4   0x080028e4   0x00000034   Code   RO         7963    i.Get_CRC16_Check_Sum  crc.o
    0x08002918   0x08002918   0x00000024   Code   RO         7964    i.Get_CRC8_Check_Sum  crc.o
    0x0800293c   0x0800293c   0x000001d4   Code   RO         7255    i.Get_Next_Flash_Address  flash.o
    0x08002b10   0x08002b10   0x0000010c   Code   RO         8515    i.Gimbal_Auto_mode  gimbal_task.o
    0x08002c1c   0x08002c1c   0x00000002   Code   RO         8516    i.Gimbal_Calibration_mode  gimbal_task.o
    0x08002c1e   0x08002c1e   0x00000002   PAD
    0x08002c20   0x08002c20   0x0000018c   Code   RO         8517    i.Gimbal_Control    gimbal_task.o
    0x08002dac   0x08002dac   0x00000138   Code   RO         8518    i.Gimbal_Init       gimbal_task.o
    0x08002ee4   0x08002ee4   0x000000d0   Code   RO         8519    i.Gimbal_PID_Init   gimbal_task.o
    0x08002fb4   0x08002fb4   0x00000084   Code   RO         8520    i.Gimbal_Rc_mode    gimbal_task.o
    0x08003038   0x08003038   0x00000064   Code   RO         8521    i.Gimbal_Relax_mode  gimbal_task.o
    0x0800309c   0x0800309c   0x0000005c   Code   RO         8522    i.Gimbal_Send_Voltage  gimbal_task.o
    0x080030f8   0x080030f8   0x0000011c   Code   RO         8523    i.Gimbal_Updata     gimbal_task.o
    0x08003214   0x08003214   0x0000004c   Code   RO         8524    i.Gimbal_mode_set   gimbal_task.o
    0x08003260   0x08003260   0x00000004   Code   RO           15    i.HardFault_Handler  stm32f4xx_it.o
    0x08003264   0x08003264   0x0000012c   Code   RO         8619    i.IMU_Cali_Slove    ins_task.o
    0x08003390   0x08003390   0x000000c0   Code   RO         8620    i.IMU_temp_Control  ins_task.o
    0x08003450   0x08003450   0x0000031c   Code   RO         8621    i.INSTask           ins_task.o
    0x0800376c   0x0800376c   0x00000074   Code   RO         8622    i.INS_cali_gyro     ins_task.o
    0x080037e0   0x080037e0   0x00000020   Code   RO         8623    i.INS_set_cali_gyro  ins_task.o
    0x08003800   0x08003800   0x0000010c   Code   RO         9031    i.Judge_Read_Data   judge_system.o
    0x0800390c   0x0800390c   0x00000078   Code   RO         8014    i.Judge_Usart_DMA_Init  usart.o
    0x08003984   0x08003984   0x000000c8   Code   RO         8015    i.Judge_Usart_Init  usart.o
    0x08003a4c   0x08003a4c   0x0000008c   Code   RO         8966    i.Limit_Auto_Angle  minipc.o
    0x08003ad8   0x08003ad8   0x00000004   Code   RO           16    i.MemManage_Handler  stm32f4xx_it.o
    0x08003adc   0x08003adc   0x00000002   Code   RO           17    i.NMI_Handler       stm32f4xx_it.o
    0x08003ade   0x08003ade   0x00000002   PAD
    0x08003ae0   0x08003ae0   0x00000078   Code   RO          301    i.NVIC_Init         misc.o
    0x08003b58   0x08003b58   0x00000014   Code   RO          302    i.NVIC_PriorityGroupConfig  misc.o
    0x08003b6c   0x08003b6c   0x00000044   Code   RO         7406    i.OLED_init         led.o
    0x08003bb0   0x08003bb0   0x000001f0   Code   RO         8722    i.PID_Calc          pid.o
    0x08003da0   0x08003da0   0x00000060   Code   RO         8723    i.PID_Init          pid.o
    0x08003e00   0x08003e00   0x00000020   Code   RO         3159    i.RCC_AHB1PeriphClockCmd  stm32f4xx_rcc.o
    0x08003e20   0x08003e20   0x00000020   Code   RO         3168    i.RCC_APB1PeriphClockCmd  stm32f4xx_rcc.o
    0x08003e40   0x08003e40   0x00000020   Code   RO         3170    i.RCC_APB1PeriphResetCmd  stm32f4xx_rcc.o
    0x08003e60   0x08003e60   0x00000020   Code   RO         3171    i.RCC_APB2PeriphClockCmd  stm32f4xx_rcc.o
    0x08003e80   0x08003e80   0x00000020   Code   RO         3173    i.RCC_APB2PeriphResetCmd  stm32f4xx_rcc.o
    0x08003ea0   0x08003ea0   0x000000e8   Code   RO         3180    i.RCC_GetClocksFreq  stm32f4xx_rcc.o
    0x08003f88   0x08003f88   0x0000014c   Code   RO         7538    i.RC_Init           rc.o
    0x080040d4   0x080040d4   0x000002d8   Code   RO         8097    i.RC_cmd_to_calibrate  calibrate_task.o
    0x080043ac   0x080043ac   0x00000010   Code   RO         7540    i.RC_unable         rc.o
    0x080043bc   0x080043bc   0x000000da   Code   RO         8754    i.SBUS_TO_RC        remote_control.o
    0x08004496   0x08004496   0x00000002   PAD
    0x08004498   0x08004498   0x000000c0   Code   RO         7622    i.SPI5Init          spi.o
    0x08004558   0x08004558   0x00000030   Code   RO         7623    i.SPI5SetSpeedAndDataSize  spi.o
    0x08004588   0x08004588   0x00000074   Code   RO         7624    i.SPI5_DMA_Enable   spi.o
    0x080045fc   0x080045fc   0x000000f8   Code   RO         7625    i.SPI5_DMA_Init     spi.o
    0x080046f4   0x080046f4   0x00000018   Code   RO         4320    i.SPI_Cmd           stm32f4xx_spi.o
    0x0800470c   0x0800470c   0x00000012   Code   RO         4326    i.SPI_I2S_DMACmd    stm32f4xx_spi.o
    0x0800471e   0x0800471e   0x00000012   Code   RO         4328    i.SPI_I2S_GetFlagStatus  stm32f4xx_spi.o
    0x08004730   0x08004730   0x00000006   Code   RO         4331    i.SPI_I2S_ReceiveData  stm32f4xx_spi.o
    0x08004736   0x08004736   0x00000004   Code   RO         4332    i.SPI_I2S_SendData  stm32f4xx_spi.o
    0x0800473a   0x0800473a   0x0000003c   Code   RO         4333    i.SPI_Init          stm32f4xx_spi.o
    0x08004776   0x08004776   0x00000002   PAD
    0x08004778   0x08004778   0x00000040   Code   RO         4485    i.SYSCFG_EXTILineConfig  stm32f4xx_syscfg.o
    0x080047b8   0x080047b8   0x00000030   Code   RO         7928    i.Sensor_Init       sensor_sw.o
    0x080047e8   0x080047e8   0x00000120   Code   RO          184    i.SetSysClock       system_stm32f4xx.o
    0x08004908   0x08004908   0x000001dc   Code   RO         8829    i.Shoot_Feedback_Update  shoot.o
    0x08004ae4   0x08004ae4   0x0000011c   Code   RO         8830    i.Shoot_Set_Mode    shoot.o
    0x08004c00   0x08004c00   0x00000028   Code   RO          305    i.SysTick_CLKSourceConfig  misc.o
    0x08004c28   0x08004c28   0x00000010   Code   RO         8466    i.SysTick_Handler   freertos_middleware.o
    0x08004c38   0x08004c38   0x00000068   Code   RO          186    i.SystemInit        system_stm32f4xx.o
    0x08004ca0   0x08004ca0   0x00000030   Code   RO         8467    i.TIM3_IRQHandler   freertos_middleware.o
    0x08004cd0   0x08004cd0   0x000000dc   Code   RO         7682    i.TIM3_Init         timer.o
    0x08004dac   0x08004dac   0x00000024   Code   RO         8211    i.TIM6_DAC_IRQHandler  can_receive.o
    0x08004dd0   0x08004dd0   0x00000078   Code   RO         7683    i.TIM6_Init         timer.o
    0x08004e48   0x08004e48   0x00000018   Code   RO         4546    i.TIM_ARRPreloadConfig  stm32f4xx_tim.o
    0x08004e60   0x08004e60   0x00000006   Code   RO         4552    i.TIM_ClearFlag     stm32f4xx_tim.o
    0x08004e66   0x08004e66   0x00000018   Code   RO         4558    i.TIM_Cmd           stm32f4xx_tim.o
    0x08004e7e   0x08004e7e   0x0000001e   Code   RO         4560    i.TIM_CtrlPWMOutputs  stm32f4xx_tim.o
    0x08004e9c   0x08004e9c   0x00000190   Code   RO         4563    i.TIM_DeInit        stm32f4xx_tim.o
    0x0800502c   0x0800502c   0x00000022   Code   RO         4579    i.TIM_GetITStatus   stm32f4xx_tim.o
    0x0800504e   0x0800504e   0x00000012   Code   RO         4583    i.TIM_ITConfig      stm32f4xx_tim.o
    0x08005060   0x08005060   0x0000007c   Code   RO         4587    i.TIM_OC1Init       stm32f4xx_tim.o
    0x080050dc   0x080050dc   0x00000012   Code   RO         4590    i.TIM_OC1PreloadConfig  stm32f4xx_tim.o
    0x080050ee   0x080050ee   0x00000002   PAD
    0x080050f0   0x080050f0   0x000000a4   Code   RO         4592    i.TIM_OC2Init       stm32f4xx_tim.o
    0x08005194   0x08005194   0x0000001a   Code   RO         4595    i.TIM_OC2PreloadConfig  stm32f4xx_tim.o
    0x080051ae   0x080051ae   0x00000002   PAD
    0x080051b0   0x080051b0   0x00000078   Code   RO         4602    i.TIM_OC4Init       stm32f4xx_tim.o
    0x08005228   0x08005228   0x0000001a   Code   RO         4604    i.TIM_OC4PreloadConfig  stm32f4xx_tim.o
    0x08005242   0x08005242   0x00000004   Code   RO         4620    i.TIM_SetCompare1   stm32f4xx_tim.o
    0x08005246   0x08005246   0x00000004   Code   RO         4621    i.TIM_SetCompare2   stm32f4xx_tim.o
    0x0800524a   0x0800524a   0x00000004   Code   RO         4623    i.TIM_SetCompare4   stm32f4xx_tim.o
    0x0800524e   0x0800524e   0x00000002   PAD
    0x08005250   0x08005250   0x00000084   Code   RO         4630    i.TIM_TimeBaseInit  stm32f4xx_tim.o
    0x080052d4   0x080052d4   0x0000005c   Code   RO         8016    i.UART7_IRQHandler  usart.o
    0x08005330   0x08005330   0x0000005c   Code   RO         8018    i.UART8_IRQHandler  usart.o
    0x0800538c   0x0800538c   0x000000f0   Code   RO         8755    i.USART1_IRQHandler  remote_control.o
    0x0800547c   0x0800547c   0x00000040   Code   RO         8756    i.USART2_IRQHandler  remote_control.o
    0x080054bc   0x080054bc   0x00000012   Code   RO         5108    i.USART_ClearFlag   stm32f4xx_usart.o
    0x080054ce   0x080054ce   0x00000018   Code   RO         5112    i.USART_Cmd         stm32f4xx_usart.o
    0x080054e6   0x080054e6   0x00000012   Code   RO         5113    i.USART_DMACmd      stm32f4xx_usart.o
    0x080054f8   0x080054f8   0x000000f0   Code   RO         5114    i.USART_DeInit      stm32f4xx_usart.o
    0x080055e8   0x080055e8   0x0000001a   Code   RO         5115    i.USART_GetFlagStatus  stm32f4xx_usart.o
    0x08005602   0x08005602   0x00000054   Code   RO         5116    i.USART_GetITStatus  stm32f4xx_usart.o
    0x08005656   0x08005656   0x0000004a   Code   RO         5118    i.USART_ITConfig    stm32f4xx_usart.o
    0x080056a0   0x080056a0   0x000000d4   Code   RO         5119    i.USART_Init        stm32f4xx_usart.o
    0x08005774   0x08005774   0x0000000a   Code   RO         5126    i.USART_ReceiveData  stm32f4xx_usart.o
    0x0800577e   0x0800577e   0x00000008   Code   RO         5129    i.USART_SendData    stm32f4xx_usart.o
    0x08005786   0x08005786   0x00000004   Code   RO           18    i.UsageFault_Handler  stm32f4xx_it.o
    0x0800578a   0x0800578a   0x00000002   PAD
    0x0800578c   0x0800578c   0x000000a0   Code   RO         8924    i.UserTask          user_task.o
    0x0800582c   0x0800582c   0x00000040   Code   RO         7965    i.Verify_CRC16_Check_Sum  crc.o
    0x0800586c   0x0800586c   0x00000030   Code   RO         7966    i.Verify_CRC8_Check_Sum  crc.o
    0x0800589c   0x0800589c   0x00000010   Code   RO         8969    i.Vision_Init       minipc.o
    0x080058ac   0x080058ac   0x0000007c   Code   RO         8970    i.Vision_Read_Data  minipc.o
    0x08005928   0x08005928   0x00000078   Code   RO         8021    i.Vision_Usart_DMA_Init  usart.o
    0x080059a0   0x080059a0   0x000000cc   Code   RO         8022    i.Vision_Usart_Init  usart.o
    0x08005a6c   0x08005a6c   0x0000000c   Code   RO         8971    i.Vision_clean_flag  minipc.o
    0x08005a78   0x08005a78   0x00000020   Code   RO         9605    i.__0printf         mc_w.l(printfa.o)
    0x08005a98   0x08005a98   0x00000026   Code   RO         9639    i.__ARM_fpclassifyf  m_wm.l(fpclassifyf.o)
    0x08005abe   0x08005abe   0x00000002   PAD
    0x08005ac0   0x08005ac0   0x0000012c   Code   RO         9317    i.__hardfp_asinf    m_wm.l(asinf.o)
    0x08005bec   0x08005bec   0x000002ac   Code   RO         9329    i.__hardfp_atan2f   m_wm.l(atan2f.o)
    0x08005e98   0x08005e98   0x00000014   Code   RO         9341    i.__hardfp_fabs     m_wm.l(fabs.o)
    0x08005eac   0x08005eac   0x00000006   Code   RO         9642    i.__mathlib_flt_infnan  m_wm.l(funder.o)
    0x08005eb2   0x08005eb2   0x00000006   Code   RO         9643    i.__mathlib_flt_infnan2  m_wm.l(funder.o)
    0x08005eb8   0x08005eb8   0x00000010   Code   RO         9644    i.__mathlib_flt_invalid  m_wm.l(funder.o)
    0x08005ec8   0x08005ec8   0x00000010   Code   RO         9647    i.__mathlib_flt_underflow  m_wm.l(funder.o)
    0x08005ed8   0x08005ed8   0x0000000e   Code   RO         9723    i.__scatterload_copy  mc_w.l(handlers.o)
    0x08005ee6   0x08005ee6   0x00000002   Code   RO         9724    i.__scatterload_null  mc_w.l(handlers.o)
    0x08005ee8   0x08005ee8   0x0000000e   Code   RO         9725    i.__scatterload_zeroinit  mc_w.l(handlers.o)
    0x08005ef6   0x08005ef6   0x00000002   PAD
    0x08005ef8   0x08005ef8   0x0000000c   Code   RO         9693    i.__set_errno       mc_w.l(errno.o)
    0x08005f04   0x08005f04   0x00000184   Code   RO         9612    i._fp_digits        mc_w.l(printfa.o)
    0x08006088   0x08006088   0x000006b4   Code   RO         9613    i._printf_core      mc_w.l(printfa.o)
    0x0800673c   0x0800673c   0x00000024   Code   RO         9614    i._printf_post_padding  mc_w.l(printfa.o)
    0x08006760   0x08006760   0x0000002e   Code   RO         9615    i._printf_pre_padding  mc_w.l(printfa.o)
    0x0800678e   0x0800678e   0x00000002   PAD
    0x08006790   0x08006790   0x000001d0   Code   RO         9062    i.accel_comple_filter  AHRS.lib(ahrs.o)
    0x08006960   0x08006960   0x0000018c   Code   RO         9063    i.accel_update_kp_ki  AHRS.lib(ahrs.o)
    0x08006aec   0x08006aec   0x0000016c   Code   RO         9064    i.angle_to_quat     AHRS.lib(ahrs.o)
    0x08006c58   0x08006c58   0x000000d4   Code   RO         7541    i.bule_tooth_init   rc.o
    0x08006d2c   0x08006d2c   0x00000010   Code   RO         7114    i.buzzer_off        buzzer.o
    0x08006d3c   0x08006d3c   0x0000001c   Code   RO         7115    i.buzzer_on         buzzer.o
    0x08006d58   0x08006d58   0x00000080   Code   RO         8525    i.calc_turn_angle   gimbal_task.o
    0x08006dd8   0x08006dd8   0x000000ec   Code   RO         8098    i.cali_data_read    calibrate_task.o
    0x08006ec4   0x08006ec4   0x00000084   Code   RO         8099    i.cali_data_write   calibrate_task.o
    0x08006f48   0x08006f48   0x0000001e   Code   RO         8100    i.cali_gimbal_hook  calibrate_task.o
    0x08006f66   0x08006f66   0x00000002   PAD
    0x08006f68   0x08006f68   0x0000005c   Code   RO         8101    i.cali_gyro_hook    calibrate_task.o
    0x08006fc4   0x08006fc4   0x00000054   Code   RO         8102    i.cali_head_hook    calibrate_task.o
    0x08007018   0x08007018   0x000000b8   Code   RO         8103    i.cali_param_init   calibrate_task.o
    0x080070d0   0x080070d0   0x00000148   Code   RO         8104    i.calibrate_task    calibrate_task.o
    0x08007218   0x08007218   0x000000a8   Code   RO         8309    i.chassis_auto_patrol  chassis_task.o
    0x080072c0   0x080072c0   0x00000040   Code   RO         8310    i.chassis_task      chassis_task.o
    0x08007300   0x08007300   0x0000006c   Code   RO         7185    i.delay_init        delay.o
    0x0800736c   0x0800736c   0x00000050   Code   RO         7186    i.delay_ms          delay.o
    0x080073bc   0x080073bc   0x00000050   Code   RO         7187    i.delay_us          delay.o
    0x0800740c   0x0800740c   0x00000054   Code   RO         6769    i.first_order_filter_cali  user_lib.o
    0x08007460   0x08007460   0x00000024   Code   RO         6770    i.first_order_filter_init  user_lib.o
    0x08007484   0x08007484   0x00000020   Code   RO         7256    i.flash_read        flash.o
    0x080074a4   0x080074a4   0x000000b8   Code   RO         7258    i.flash_write_single_address  flash.o
    0x0800755c   0x0800755c   0x00000018   Code   RO         7407    i.flow_led_off      led.o
    0x08007574   0x08007574   0x0000002a   Code   RO         6771    i.fp32_constrain    user_lib.o
    0x0800759e   0x0800759e   0x00000002   PAD
    0x080075a0   0x080075a0   0x00000024   Code   RO         8925    i.fputc             user_task.o
    0x080075c4   0x080075c4   0x00000014   Code   RO         7322    i.fric1_on          fric.o
    0x080075d8   0x080075d8   0x00000014   Code   RO         7323    i.fric2_on          fric.o
    0x080075ec   0x080075ec   0x00000144   Code   RO         7324    i.fric_PWM_configuration  fric.o
    0x08007730   0x08007730   0x0000001c   Code   RO         7325    i.fric_off          fric.o
    0x0800774c   0x0800774c   0x00000038   Code   RO         7070    i.get_ADC           adc.o
    0x08007784   0x08007784   0x00000008   Code   RO         8973    i.get_AUTO_control_point  minipc.o
    0x0800778c   0x0800778c   0x00000018   Code   RO         8212    i.get_Chassis_Motor_Measure_Point  can_receive.o
    0x080077a4   0x080077a4   0x00000008   Code   RO         8624    i.get_INS_angle_point  ins_task.o
    0x080077ac   0x080077ac   0x00000008   Code   RO         8626    i.get_MPU6500_Gyro_Data_Point  ins_task.o
    0x080077b4   0x080077b4   0x00000008   Code   RO         8213    i.get_Pitch_Gimbal_Motor_Measure_Point  can_receive.o
    0x080077bc   0x080077bc   0x0000004c   Code   RO         7929    i.get_Switch_Status  sensor_sw.o
    0x08007808   0x08007808   0x00000008   Code   RO         8214    i.get_Trigger_Motor_Measure_Point  can_receive.o
    0x08007810   0x08007810   0x00000008   Code   RO         8215    i.get_Yaw_Gimbal_Motor_Measure_Point  can_receive.o
    0x08007818   0x08007818   0x000000e8   Code   RO         9065    i.get_angle         AHRS.lib(ahrs.o)
    0x08007900   0x08007900   0x0000000c   Code   RO         8106    i.get_control_temperate  calibrate_task.o
    0x0800790c   0x0800790c   0x00000008   Code   RO         8311    i.get_motor_point   chassis_task.o
    0x08007914   0x08007914   0x00000008   Code   RO         8757    i.get_remote_control_point  remote_control.o
    0x0800791c   0x0800791c   0x0000005c   Code   RO         7071    i.get_temprate      adc.o
    0x08007978   0x08007978   0x00000140   Code   RO         8526    i.gimbal_pid_calculation  gimbal_task.o
    0x08007ab8   0x08007ab8   0x00000068   Code   RO         6628    i.gyro_offset       mpu6500driver.o
    0x08007b20   0x08007b20   0x00000058   Code   RO         6531    i.ist8310_GPIO_init  ist8310driver_middleware.o
    0x08007b78   0x08007b78   0x0000002c   Code   RO         6533    i.ist8310_IIC_read_single_reg  ist8310driver_middleware.o
    0x08007ba4   0x08007ba4   0x00000024   Code   RO         6535    i.ist8310_IIC_write_single_reg  ist8310driver_middleware.o
    0x08007bc8   0x08007bc8   0x00000010   Code   RO         6536    i.ist8310_RST_H     ist8310driver_middleware.o
    0x08007bd8   0x08007bd8   0x00000010   Code   RO         6537    i.ist8310_RST_L     ist8310driver_middleware.o
    0x08007be8   0x08007be8   0x00000018   Code   RO         6538    i.ist8310_auto_com_by_mpu6500  ist8310driver_middleware.o
    0x08007c00   0x08007c00   0x00000002   Code   RO         6539    i.ist8310_com_init  ist8310driver_middleware.o
    0x08007c02   0x08007c02   0x0000000c   Code   RO         6540    i.ist8310_delay_ms  ist8310driver_middleware.o
    0x08007c0e   0x08007c0e   0x0000000c   Code   RO         6541    i.ist8310_delay_us  ist8310driver_middleware.o
    0x08007c1a   0x08007c1a   0x00000002   PAD
    0x08007c1c   0x08007c1c   0x00000090   Code   RO         6496    i.ist8310_init      ist8310driver.o
    0x08007cac   0x08007cac   0x00000084   Code   RO         6498    i.ist8310_read_over  ist8310driver.o
    0x08007d30   0x08007d30   0x0000003c   Code   RO         7367    i.laser_configuration  laser.o
    0x08007d6c   0x08007d6c   0x00000014   Code   RO         7368    i.laser_off         laser.o
    0x08007d80   0x08007d80   0x00000014   Code   RO         7369    i.laser_on          laser.o
    0x08007d94   0x08007d94   0x00000070   Code   RO         7410    i.led_configuration  led.o
    0x08007e04   0x08007e04   0x00000014   Code   RO         7411    i.led_green_off     led.o
    0x08007e18   0x08007e18   0x00000014   Code   RO         7412    i.led_green_on      led.o
    0x08007e2c   0x08007e2c   0x00000014   Code   RO         7414    i.led_red_off       led.o
    0x08007e40   0x08007e40   0x00000060   Code   RO         6776    i.loop_fp32_constrain  user_lib.o
    0x08007ea0   0x08007ea0   0x0000001e   Code   RO         6871    i.main              main.o
    0x08007ebe   0x08007ebe   0x00000002   PAD
    0x08007ec0   0x08007ec0   0x00000034   Code   RO         6682    i.mpu6500_GPIO_init  mpu6500driver_middleware.o
    0x08007ef4   0x08007ef4   0x00000010   Code   RO         6683    i.mpu6500_SPI_NS_H  mpu6500driver_middleware.o
    0x08007f04   0x08007f04   0x00000010   Code   RO         6684    i.mpu6500_SPI_NS_L  mpu6500driver_middleware.o
    0x08007f14   0x08007f14   0x00000054   Code   RO         6685    i.mpu6500_SPI_read_write_byte  mpu6500driver_middleware.o
    0x08007f68   0x08007f68   0x00000008   Code   RO         6686    i.mpu6500_com_init  mpu6500driver_middleware.o
    0x08007f70   0x08007f70   0x000000c4   Code   RO         6629    i.mpu6500_init      mpu6500driver.o
    0x08008034   0x08008034   0x0000000c   Code   RO         6687    i.mpu6500_middleware_delay_ms  mpu6500driver_middleware.o
    0x08008040   0x08008040   0x0000000c   Code   RO         6688    i.mpu6500_middleware_delay_us  mpu6500driver_middleware.o
    0x0800804c   0x0800804c   0x00000140   Code   RO         6632    i.mpu6500_read_over  mpu6500driver.o
    0x0800818c   0x0800818c   0x00000020   Code   RO         6690    i.mpu6500_read_single_reg  mpu6500driver_middleware.o
    0x080081ac   0x080081ac   0x00000034   Code   RO         6691    i.mpu6500_write_muli_reg  mpu6500driver_middleware.o
    0x080081e0   0x080081e0   0x0000001c   Code   RO         6692    i.mpu6500_write_single_reg  mpu6500driver_middleware.o
    0x080081fc   0x080081fc   0x00000030   Code   RO         5776    i.pcTaskGetName     tasks.o
    0x0800822c   0x0800822c   0x00000048   Code   RO         7493    i.power_ctrl_configuration  power_ctrl.o
    0x08008274   0x08008274   0x00000020   Code   RO         7494    i.power_ctrl_off    power_ctrl.o
    0x08008294   0x08008294   0x00000020   Code   RO         7495    i.power_ctrl_on     power_ctrl.o
    0x080082b4   0x080082b4   0x00000098   Code   RO         5777    i.prvAddCurrentTaskToDelayedList  tasks.o
    0x0800834c   0x0800834c   0x000000b8   Code   RO         5778    i.prvAddNewTaskToReadyList  tasks.o
    0x08008404   0x08008404   0x00000064   Code   RO         6146    i.prvCheckForValidListAndQueue  timers.o
    0x08008468   0x08008468   0x00000064   Code   RO         5779    i.prvCheckTasksWaitingTermination  tasks.o
    0x080084cc   0x080084cc   0x0000002a   Code   RO         5541    i.prvCopyDataFromQueue  queue.o
    0x080084f6   0x080084f6   0x0000007c   Code   RO         5542    i.prvCopyDataToQueue  queue.o
    0x08008572   0x08008572   0x00000012   Code   RO         5780    i.prvDeleteTCB      tasks.o
    0x08008584   0x08008584   0x00000028   Code   RO         6147    i.prvGetNextExpireTime  timers.o
    0x080085ac   0x080085ac   0x0000007c   Code   RO         6276    i.prvHeapInit       heap_4.o
    0x08008628   0x08008628   0x00000028   Code   RO         5781    i.prvIdleTask       tasks.o
    0x08008650   0x08008650   0x0000002e   Code   RO         5544    i.prvInitialiseNewQueue  queue.o
    0x0800867e   0x0800867e   0x000000b4   Code   RO         5782    i.prvInitialiseNewTask  tasks.o
    0x08008732   0x08008732   0x00000002   PAD
    0x08008734   0x08008734   0x00000068   Code   RO         5783    i.prvInitialiseTaskLists  tasks.o
    0x0800879c   0x0800879c   0x00000068   Code   RO         6277    i.prvInsertBlockIntoFreeList  heap_4.o
    0x08008804   0x08008804   0x00000058   Code   RO         6149    i.prvInsertTimerInActiveList  timers.o
    0x0800885c   0x0800885c   0x0000001a   Code   RO         5545    i.prvIsQueueEmpty   queue.o
    0x08008876   0x08008876   0x0000001e   Code   RO         5546    i.prvIsQueueFull    queue.o
    0x08008894   0x08008894   0x00000090   Code   RO         5547    i.prvNotifyQueueSetContainer  queue.o
    0x08008924   0x08008924   0x00000064   Code   RO         6150    i.prvProcessExpiredTimer  timers.o
    0x08008988   0x08008988   0x000000f8   Code   RO         6151    i.prvProcessReceivedCommands  timers.o
    0x08008a80   0x08008a80   0x00000074   Code   RO         6152    i.prvProcessTimerOrBlockTask  timers.o
    0x08008af4   0x08008af4   0x00000034   Code   RO         5785    i.prvResetNextTaskUnblockTime  tasks.o
    0x08008b28   0x08008b28   0x0000002c   Code   RO         6153    i.prvSampleTimeNow  timers.o
    0x08008b54   0x08008b54   0x0000009e   Code   RO         5786    i.prvSearchForNameWithinSingleList  tasks.o
    0x08008bf2   0x08008bf2   0x00000002   PAD
    0x08008bf4   0x08008bf4   0x000000a0   Code   RO         6154    i.prvSwitchTimerLists  timers.o
    0x08008c94   0x08008c94   0x00000016   Code   RO         5787    i.prvTaskCheckFreeStackSpace  tasks.o
    0x08008caa   0x08008caa   0x00000002   PAD
    0x08008cac   0x08008cac   0x00000040   Code   RO         6326    i.prvTaskExitError  port.o
    0x08008cec   0x08008cec   0x0000001a   Code   RO         6155    i.prvTimerTask      timers.o
    0x08008d06   0x08008d06   0x00000092   Code   RO         5548    i.prvUnlockQueue    queue.o
    0x08008d98   0x08008d98   0x0000013c   Code   RO         6278    i.pvPortMalloc      heap_4.o
    0x08008ed4   0x08008ed4   0x00000020   Code   RO         5790    i.pvTaskIncrementMutexHeldCount  tasks.o
    0x08008ef4   0x08008ef4   0x0000002c   Code   RO         6327    i.pxPortInitialiseStack  port.o
    0x08008f20   0x08008f20   0x00000084   Code   RO         9070    i.quat_normalization  AHRS.lib(ahrs.o)
    0x08008fa4   0x08008fa4   0x0000005a   Code   RO         6777    i.ramp_calc         user_lib.o
    0x08008ffe   0x08008ffe   0x00000002   PAD
    0x08009000   0x08009000   0x0000002c   Code   RO         6778    i.ramp_init         user_lib.o
    0x0800902c   0x0800902c   0x000000b0   Code   RO         8527    i.relative_angle_change  gimbal_task.o
    0x080090dc   0x080090dc   0x00000018   Code   RO         8758    i.remote_control_init  remote_control.o
    0x080090f4   0x080090f4   0x00000190   Code   RO         8831    i.shoot_bullet_control  shoot.o
    0x08009284   0x08009284   0x000001a8   Code   RO         8832    i.shoot_control_loop  shoot.o
    0x0800942c   0x0800942c   0x00000064   Code   RO         8833    i.shoot_done_control  shoot.o
    0x08009490   0x08009490   0x000000cc   Code   RO         8834    i.shoot_init        shoot.o
    0x0800955c   0x0800955c   0x000001f0   Code   RO         8835    i.shoot_ready_control  shoot.o
    0x0800974c   0x0800974c   0x0000003e   Code   RO         9660    i.sqrtf             m_wm.l(sqrtf_full.o)
    0x0800978a   0x0800978a   0x00000002   PAD
    0x0800978c   0x0800978c   0x0000002c   Code   RO         8888    i.startTast         start_task.o
    0x080097b8   0x080097b8   0x000000e8   Code   RO         8889    i.start_task        start_task.o
    0x080098a0   0x080098a0   0x0000003c   Code   RO         7886    i.super_cap_configuration  super_cap.o
    0x080098dc   0x080098dc   0x0000001c   Code   RO         7887    i.super_cap_none    super_cap.o
    0x080098f8   0x080098f8   0x0000002c   Code   RO         7072    i.temperature_ADC_Reset  adc.o
    0x08009924   0x08009924   0x00000054   Code   RO         7073    i.temperature_ADC_init  adc.o
    0x08009978   0x08009978   0x00000040   Code   RO         8313    i.test_speed        chassis_task.o
    0x080099b8   0x080099b8   0x00000018   Code   RO         8419    i.toe_is_error      detect_task.o
    0x080099d0   0x080099d0   0x00000074   Code   RO         5791    i.ulTaskNotifyTake  tasks.o
    0x08009a44   0x08009a44   0x0000007a   Code   RO         9071    i.update_w          AHRS.lib(ahrs.o)
    0x08009abe   0x08009abe   0x00000028   Code   RO         5504    i.uxListRemove      list.o
    0x08009ae6   0x08009ae6   0x00000002   PAD
    0x08009ae8   0x08009ae8   0x00000028   Code   RO         5793    i.uxTaskGetStackHighWaterMark  tasks.o
    0x08009b10   0x08009b10   0x0000001a   Code   RO         5505    i.vListInitialise   list.o
    0x08009b2a   0x08009b2a   0x00000006   Code   RO         5506    i.vListInitialiseItem  list.o
    0x08009b30   0x08009b30   0x00000034   Code   RO         5507    i.vListInsert       list.o
    0x08009b64   0x08009b64   0x00000018   Code   RO         5508    i.vListInsertEnd    list.o
    0x08009b7c   0x08009b7c   0x00000054   Code   RO         6329    i.vPortEnterCritical  port.o
    0x08009bd0   0x08009bd0   0x0000003c   Code   RO         6330    i.vPortExitCritical  port.o
    0x08009c0c   0x08009c0c   0x00000094   Code   RO         6279    i.vPortFree         heap_4.o
    0x08009ca0   0x08009ca0   0x00000002   Code   RO         8468    i.vPortSetupTimerInterrupt  freertos_middleware.o
    0x08009ca2   0x08009ca2   0x00000002   PAD
    0x08009ca4   0x08009ca4   0x00000078   Code   RO         6331    i.vPortValidateInterruptPriority  port.o
    0x08009d1c   0x08009d1c   0x0000002c   Code   RO         5554    i.vQueueAddToRegistry  queue.o
    0x08009d48   0x08009d48   0x0000004a   Code   RO         5558    i.vQueueWaitForMessageRestricted  queue.o
    0x08009d92   0x08009d92   0x00000002   PAD
    0x08009d94   0x08009d94   0x0000005c   Code   RO         5799    i.vTaskDelay        tasks.o
    0x08009df0   0x08009df0   0x000000f4   Code   RO         5801    i.vTaskDelete       tasks.o
    0x08009ee4   0x08009ee4   0x0000000c   Code   RO         5805    i.vTaskMissedYield  tasks.o
    0x08009ef0   0x08009ef0   0x000000f0   Code   RO         5806    i.vTaskNotifyGiveFromISR  tasks.o
    0x08009fe0   0x08009fe0   0x00000038   Code   RO         5807    i.vTaskPlaceOnEventList  tasks.o
    0x0800a018   0x0800a018   0x00000040   Code   RO         5808    i.vTaskPlaceOnEventListRestricted  tasks.o
    0x0800a058   0x0800a058   0x000000b0   Code   RO         5810    i.vTaskPriorityInherit  tasks.o
    0x0800a108   0x0800a108   0x00000030   Code   RO         5814    i.vTaskSetTimeOutState  tasks.o
    0x0800a138   0x0800a138   0x00000094   Code   RO         5815    i.vTaskStartScheduler  tasks.o
    0x0800a1cc   0x0800a1cc   0x00000010   Code   RO         5817    i.vTaskSuspendAll   tasks.o
    0x0800a1dc   0x0800a1dc   0x0000008c   Code   RO         5818    i.vTaskSwitchContext  tasks.o
    0x0800a268   0x0800a268   0x0000013c   Code   RO         6332    i.xPortStartScheduler  port.o
    0x0800a3a4   0x0800a3a4   0x00000034   Code   RO         6333    i.xPortSysTickHandler  port.o
    0x0800a3d8   0x0800a3d8   0x00000058   Code   RO         5563    i.xQueueGenericCreate  queue.o
    0x0800a430   0x0800a430   0x000001c4   Code   RO         5564    i.xQueueGenericReceive  queue.o
    0x0800a5f4   0x0800a5f4   0x00000098   Code   RO         5565    i.xQueueGenericReset  queue.o
    0x0800a68c   0x0800a68c   0x000001c8   Code   RO         5566    i.xQueueGenericSend  queue.o
    0x0800a854   0x0800a854   0x00000108   Code   RO         5567    i.xQueueGenericSendFromISR  queue.o
    0x0800a95c   0x0800a95c   0x0000008c   Code   RO         5819    i.xTaskCheckForTimeOut  tasks.o
    0x0800a9e8   0x0800a9e8   0x00000060   Code   RO         5820    i.xTaskCreate       tasks.o
    0x0800aa48   0x0800aa48   0x000000a4   Code   RO         5824    i.xTaskGetHandle    tasks.o
    0x0800aaec   0x0800aaec   0x00000020   Code   RO         5825    i.xTaskGetSchedulerState  tasks.o
    0x0800ab0c   0x0800ab0c   0x0000000c   Code   RO         5826    i.xTaskGetTickCount  tasks.o
    0x0800ab18   0x0800ab18   0x00000148   Code   RO         5828    i.xTaskIncrementTick  tasks.o
    0x0800ac60   0x0800ac60   0x000000c8   Code   RO         5831    i.xTaskPriorityDisinherit  tasks.o
    0x0800ad28   0x0800ad28   0x00000098   Code   RO         5832    i.xTaskRemoveFromEventList  tasks.o
    0x0800adc0   0x0800adc0   0x00000104   Code   RO         5834    i.xTaskResumeAll    tasks.o
    0x0800aec4   0x0800aec4   0x00000054   Code   RO         6159    i.xTimerCreateTimerTask  timers.o
    0x0800af18   0x0800af18   0x00000084   Code   RO         6160    i.xTimerGenericCommand  timers.o
    0x0800af9c   0x0800af9c   0x0000000c   Data   RO         6499    .constdata          ist8310driver.o
    0x0800afa8   0x0800afa8   0x0000002a   Data   RO         6634    .constdata          mpu6500driver.o
    0x0800afd2   0x0800afd2   0x00000302   Data   RO         7967    .constdata          crc.o
    0x0800b2d4   0x0800b2d4   0x0000000f   Data   RO         8108    .constdata          calibrate_task.o
    0x0800b2e3   0x0800b2e3   0x00000001   PAD
    0x0800b2e4   0x0800b2e4   0x00000010   Data   RO         8315    .constdata          chassis_task.o
    0x0800b2f4   0x0800b2f4   0x00000050   Data   RO         8529    .constdata          gimbal_task.o
    0x0800b344   0x0800b344   0x00000030   Data   RO         8628    .constdata          ins_task.o
    0x0800b374   0x0800b374   0x00000018   Data   RO         8837    .constdata          shoot.o
    0x0800b38c   0x0800b38c   0x0000000c   Data   RO         9072    .constdata          AHRS.lib(ahrs.o)
    0x0800b398   0x0800b398   0x00000804   Data   RO         9282    .constdata          arm_cortexM4lf_math.lib(arm_common_tables.o)
    0x0800bb9c   0x0800bb9c   0x00000020   Data   RO         9721    Region$$Table       anon$$obj.o


    Execution Region RW_IRAM1 (Exec base: 0x20000000, Load base: 0x0800bbbc, Size: 0x000212e8, Max: 0x00030000, ABSOLUTE, COMPRESSED[0x00000064])

    Exec Addr    Load Addr    Size         Type   Attr      Idx    E Section Name        Object

    0x20000000   COMPRESSED   0x00000014   Data   RW          187    .data               system_stm32f4xx.o
    0x20000014   COMPRESSED   0x00000010   Data   RW         3212    .data               stm32f4xx_rcc.o
    0x20000024   COMPRESSED   0x0000003c   Data   RW         5837    .data               tasks.o
    0x20000060   COMPRESSED   0x00000014   Data   RW         6166    .data               timers.o
    0x20000074   COMPRESSED   0x00000018   Data   RW         6284    .data               heap_4.o
    0x2000008c   COMPRESSED   0x0000000c   Data   RW         6334    .data               port.o
    0x20000098   COMPRESSED   0x00000001   Data   RW         6635    .data               mpu6500driver.o
    0x20000099   COMPRESSED   0x00000003   PAD
    0x2000009c   COMPRESSED   0x00000008   Data   RW         7188    .data               delay.o
    0x200000a4   COMPRESSED   0x00000001   Data   RW         7930    .data               sensor_sw.o
    0x200000a5   COMPRESSED   0x00000001   PAD
    0x200000a6   COMPRESSED   0x00000002   Data   RW         7968    .data               crc.o
    0x200000a8   COMPRESSED   0x00000008   Data   RW         8024    .data               usart.o
    0x200000b0   COMPRESSED   0x00000054   Data   RW         8109    .data               calibrate_task.o
    0x20000104   COMPRESSED   0x00000001   Data   RW         8217    .data               can_receive.o
    0x20000105   COMPRESSED   0x00000003   PAD
    0x20000108   COMPRESSED   0x00000008   Data   RW         8469    .data               freertos_middleware.o
    0x20000110   COMPRESSED   0x00000008   Data   RW         8530    .data               gimbal_task.o
    0x20000118   COMPRESSED   0x00000080   Data   RW         8629    .data               ins_task.o
    0x20000198   COMPRESSED   0x00000004   Data   RW         8762    .data               remote_control.o
    0x2000019c   COMPRESSED   0x0000001c   Data   RW         8838    .data               shoot.o
    0x200001b8   COMPRESSED   0x0000001c   Data   RW         8890    .data               start_task.o
    0x200001d4   COMPRESSED   0x00000004   Data   RW         8927    .data               user_task.o
    0x200001d8   COMPRESSED   0x00000005   Data   RW         8975    .data               minipc.o
    0x200001dd   COMPRESSED   0x00000008   Data   RW         9035    .data               judge_system.o
    0x200001e5   COMPRESSED   0x00000003   PAD
    0x200001e8   COMPRESSED   0x00000010   Data   RW         9073    .data               AHRS.lib(ahrs.o)
    0x200001f8   COMPRESSED   0x00000004   Data   RW         9686    .data               mc_w.l(stdout.o)
    0x200001fc   COMPRESSED   0x00000004   Data   RW         9694    .data               mc_w.l(errno.o)
    0x20000200        -       0x00000040   Zero   RW         5578    .bss                queue.o
    0x20000240        -       0x000002e4   Zero   RW         5836    .bss                tasks.o
    0x20000524        -       0x00000028   Zero   RW         6165    .bss                timers.o
    0x2000054c        -       0x00020000   Zero   RW         6283    .bss                heap_4.o
    0x2002054c        -       0x000000c8   Zero   RW         8023    .bss                usart.o
    0x20020614        -       0x0000009d   Zero   RW         8107    .bss                calibrate_task.o
    0x200206b1   COMPRESSED   0x00000003   PAD
    0x200206b4        -       0x00000084   Zero   RW         8216    .bss                can_receive.o
    0x20020738        -       0x00000088   Zero   RW         8314    .bss                chassis_task.o
    0x200207c0        -       0x00000144   Zero   RW         8420    .bss                detect_task.o
    0x20020904        -       0x00000240   Zero   RW         8528    .bss                gimbal_task.o
    0x20020b44        -       0x00000124   Zero   RW         8627    .bss                ins_task.o
    0x20020c68        -       0x0000012a   Zero   RW         8761    .bss                remote_control.o
    0x20020d92   COMPRESSED   0x00000002   PAD
    0x20020d94        -       0x000000a8   Zero   RW         8836    .bss                shoot.o
    0x20020e3c        -       0x0000000c   Zero   RW         8926    .bss                user_task.o
    0x20020e48        -       0x0000001e   Zero   RW         8974    .bss                minipc.o
    0x20020e66        -       0x0000007f   Zero   RW         9034    .bss                judge_system.o
    0x20020ee5   COMPRESSED   0x00000003   PAD
    0x20020ee8        -       0x00000400   Zero   RW            1    STACK               startup_stm32f427xx.o


==============================================================================

Image component sizes


      Code (inc. data)   RO Data    RW Data    ZI Data      Debug   Object Name

       276         26          0          0          0       2254   adc.o
       196         12          0          0          0       5240   ahrs_middleware.o
        44         10          0          0          0       1081   buzzer.o
      1826        110         15         84        157      18104   calibrate_task.o
       548         16          0          0          0       2086   can.o
       724         86          0          1        132       8189   can_receive.o
       996        116         16          0        136      12042   chassis_task.o
       200         14        770          2          0       3517   crc.o
         0          0          0          0          0       7188   croutine.o
       268         26          0          8          0       2151   delay.o
       316          8          0          0        324       3086   detect_task.o
         0          0          0          0          0      11816   event_groups.o
       136          6          0          0          0        708   exit_init.o
      1148        178          0          0          0       4134   flash.o
        66          8          0          8          0       2374   freertos_middleware.o
       392         34          0          0          0       2350   fric.o
      2654        230         80          8        576      13186   gimbal_task.o
       692         62          0         24     131072       4399   heap_4.o
      1572        204         48        128        292      10016   ins_task.o
       276         10         12          0          0       2523   ist8310driver.o
       250         24          0          0          0       5632   ist8310driver_middleware.o
       268         22          0          8        127       1475   judge_system.o
       100         18          0          0          0       1529   laser.o
       264         44          0          0          0       3100   led.o
       148          0          0          0          0       3214   list.o
       158          0          0          0          0       3946   main.o
       300         34          0          5         30       3725   minipc.o
       180         24          0          0          0       2025   misc.o
       620         26         42          1          0       4241   mpu6500driver.o
       312         18          0          0          0       6459   mpu6500driver_middleware.o
       592          8          0          0          0       2362   pid.o
       922         86          0         12          0      11010   port.o
       136         18          0          0          0       1808   power_ctrl.o
      2088         22          0          0         64      16993   queue.o
       560         34          0          0          0       2492   rc.o
       554         40          0          4        298       5593   remote_control.o
       124         16          0          1          0       1823   sensor_sw.o
      2384        234         24         28        168       7690   shoot.o
       604         36          0          0          0       2671   spi.o
       276        120          0         28          0       1554   start_task.o
        52         14        428          0       1024        860   startup_stm32f427xx.o
       424         34          0          0          0       6525   stm32f4xx_adc.o
      1566         16          0          0          0       6310   stm32f4xx_can.o
       730         54          0          0          0       8558   stm32f4xx_dma.o
       184         16          0          0          0       2040   stm32f4xx_exti.o
       402         40          0          0          0       4385   stm32f4xx_flash.o
       222          0          0          0          0       2807   stm32f4xx_gpio.o
        20          0          0          0          0     354465   stm32f4xx_it.o
       392         48          0         16          0       5737   stm32f4xx_rcc.o
       130          0          0          0          0       4011   stm32f4xx_spi.o
        64          4          0          0          0        640   stm32f4xx_syscfg.o
      1158        110          0          0          0      11016   stm32f4xx_tim.o
       714         42          0          0          0       7201   stm32f4xx_usart.o
        88         10          0          0          0       1107   super_cap.o
       392         32          0         20          0     325449   system_stm32f4xx.o
      3866        474          0         60        740      28814   tasks.o
       340         14          0          0          0       1544   timer.o
      1138        116          0         20         40      17279   timers.o
       828         78          0          8        200      11716   usart.o
       392          8          0          0          0       4863   user_lib.o
       196         36          0          4         12       5456   user_task.o

    ----------------------------------------------------------------------
     36528       3126       1468        488     135400    1016569   Object Totals
         0          0         32          0          0          0   (incl. Generated)
        60          0          1         10          8          0   (incl. Padding)

    ----------------------------------------------------------------------

      Code (inc. data)   RO Data    RW Data    ZI Data      Debug   Library Member Name

      2718         84         12         16          0       9922   ahrs.o
         0          0       2052          0          0       4636   arm_common_tables.o
       120         12          0          0          0      16970   arm_cos_f32.o
       116         12          0          0          0        658   arm_sin_f32.o
       300         42          0          0          0        176   asinf.o
       684         90          0          0          0        208   atan2f.o
        20          0          0          0          0        124   fabs.o
        38          0          0          0          0        116   fpclassifyf.o
        44         12          0          0          0        464   funder.o
        62          0          0          0          0        136   sqrtf_full.o
        86          0          0          0          0          0   __dczerorl2.o
         0          0          0          0          0          0   entry.o
         0          0          0          0          0          0   entry10a.o
         0          0          0          0          0          0   entry11a.o
         4          0          0          0          0          0   entry12b.o
         8          4          0          0          0          0   entry2.o
         4          0          0          0          0          0   entry5.o
         0          0          0          0          0          0   entry7b.o
         0          0          0          0          0          0   entry8b.o
         8          4          0          0          0          0   entry9a.o
        12          6          0          4          0         68   errno.o
        30          0          0          0          0          0   handlers.o
        36          8          0          0          0         68   init.o
         0          0          0          0          0          0   iusefp.o
        30          0          0          0          0         68   llshl.o
        36          0          0          0          0         68   llsshr.o
        32          0          0          0          0         68   llushr.o
        36          0          0          0          0         68   memcpya.o
        36          0          0          0          0        108   memseta.o
      2218         90          0          0          0        464   printfa.o
         0          0          0          4          0          0   stdout.o
        14          0          0          0          0         68   strlen.o
        44          0          0          0          0         80   uidiv.o
        98          0          0          0          0         92   uldiv.o
        48          0          0          0          0         68   cdcmple.o
        48          0          0          0          0         68   cdrcmple.o
       334          0          0          0          0        148   dadd.o
       222          0          0          0          0        100   ddiv.o
       186          0          0          0          0        176   depilogue.o
        48          0          0          0          0         68   dfixul.o
       228          0          0          0          0         96   dmul.o
        38          0          0          0          0         68   f2d.o

    ----------------------------------------------------------------------
      8000        364       2064         24          0      35422   Library Totals
        14          0          0          0          0          0   (incl. Padding)

    ----------------------------------------------------------------------

      Code (inc. data)   RO Data    RW Data    ZI Data      Debug   Library Name

      2718         84         12         16          0       9922   AHRS.lib
       236         24       2052          0          0      22264   arm_cortexM4lf_math.lib
      1148        144          0          0          0       1224   m_wm.l
      2732        112          0          8          0       1220   mc_w.l
      1152          0          0          0          0        792   mf_w.l

    ----------------------------------------------------------------------
      8000        364       2064         24          0      35422   Library Totals

    ----------------------------------------------------------------------

==============================================================================


      Code (inc. data)   RO Data    RW Data    ZI Data      Debug   

     44528       3490       3532        512     135400    1015987   Grand Totals
     44528       3490       3532        100     135400    1015987   ELF Image Totals (compressed)
     44528       3490       3532        100          0          0   ROM Totals

==============================================================================

    Total RO  Size (Code + RO Data)                48060 (  46.93kB)
    Total RW  Size (RW Data + ZI Data)            135912 ( 132.73kB)
    Total ROM Size (Code + RO Data + RW Data)      48160 (  47.03kB)

==============================================================================

