<html>
<body>
<pre>
<h1>µVision Build Log</h1>
<h2>Tool Versions:</h2>
IDE-Version: ¦ÌVision V5.33.0.0
Copyright (C) 2020 ARM Ltd and ARM Germany GmbH. All rights reserved.
License Information: S x, HP Inc., LIC=TIVDY-I0V3J-H8AFS-LNJUA-CFL8E-E8IHU
 
Tool Versions:
Toolchain:       MDK-ARM Plus  Version: 5.33.0.0
Toolchain Path:  D:\Keil v5\ARM\ARMCC\Bin
C Compiler:      Armcc.exe V5.06 update 7 (build 960)
Assembler:       Armasm.exe V5.06 update 7 (build 960)
Linker/Locator:  ArmLink.exe V5.06 update 7 (build 960)
Library Manager: ArmAr.exe V5.06 update 7 (build 960)
Hex Converter:   FromElf.exe V5.06 update 7 (build 960)
CPU DLL:         SARMCM3.DLL V5.33.0.0
Dialog DLL:      DCM.DLL V1.17.3.0
Target DLL:      STLink\ST-LINKIII-KEIL_SWO.dll V3.0.8.0
Dialog DLL:      TCM.DLL V1.48.0.0
 
<h2>Project:</h2>
F:\ROBOMASTER\RM\ÉÚ±ø\standard003\Project\standard.uvprojx
Project File Date:  03/24/2022

<h2>Output:</h2>
*** Using Compiler 'V5.06 update 7 (build 960)', folder: 'D:\Keil v5\ARM\ARMCC\Bin'
Build target 'standard'
compiling miniPC.c...
..\user\APP\miniPC\miniPC.c(152): warning:  #177-D: variable "a"  was declared but never referenced
  	uint8_t a = sizeof(stm32_info);
..\user\APP\miniPC\miniPC.c: 1 warning, 0 errors
compiling start_task.c...
..\user\APP\start_task\start_task.c(57): warning:  #177-D: variable "DetectTask_Handler"  was declared but never referenced
  static TaskHandle_t DetectTask_Handler;
..\user\APP\start_task\start_task.c: 1 warning, 0 errors
compiling calibrate_task.c...
..\user\APP\calibrate_task\calibrate_task.c(358): warning:  #177-D: variable "local_cali_t"  was declared but never referenced
      gimbal_cali_t *local_cali_t = (gimbal_cali_t *)cali;
..\user\APP\calibrate_task\calibrate_task.c: 1 warning, 0 errors
compiling gimbal_task.c...
..\user\APP\gimbal_task\gimbal_task.c(35): warning:  #550-D: variable "Yaw_Can_Set_Voltage"  was set but never used
  static int16_t Yaw_Can_Set_Voltage = 0, Pitch_Can_Set_Voltage = 0, Shoot_Can_Set_Voltage = 0;
..\user\APP\gimbal_task\gimbal_task.c(35): warning:  #550-D: variable "Pitch_Can_Set_Voltage"  was set but never used
  static int16_t Yaw_Can_Set_Voltage = 0, Pitch_Can_Set_Voltage = 0, Shoot_Can_Set_Voltage = 0;
..\user\APP\gimbal_task\gimbal_task.c(35): warning:  #550-D: variable "Shoot_Can_Set_Voltage"  was set but never used
  static int16_t Yaw_Can_Set_Voltage = 0, Pitch_Can_Set_Voltage = 0, Shoot_Can_Set_Voltage = 0;
..\user\APP\gimbal_task\gimbal_task.c: 3 warnings, 0 errors
compiling chassis_task.c...
compiling user_task.c...
..\user\APP\user_task\user_task.c(53): warning:  #550-D: variable "yaw_mode"  was set but never used
  	const motor_measure_t *yaw_mode;
..\user\APP\user_task\user_task.c(58): warning:  #550-D: variable "moto_accel"  was set but never used
  	float moto_speed,moto_accel;
..\user\APP\user_task\user_task.c: 2 warnings, 0 errors
compiling shoot.c...
linking...
Program Size: Code=44528 RO-data=3532 RW-data=512 ZI-data=135400  
FromELF: creating hex file...
".\Objects\infantry.axf" - 0 Error(s), 8 Warning(s).

<h2>Software Packages used:</h2>

Package Vendor: Keil
                http://www.keil.com/pack/Keil.STM32F4xx_DFP.2.15.0.pack
                Keil.STM32F4xx_DFP.2.15.0
                STMicroelectronics STM32F4 Series Device Support, Drivers and Examples

<h2>Collection of Component include folders:</h2>
  D:\Keil v5\ARM\PACK\Keil\STM32F4xx_DFP\2.15.0\Drivers\CMSIS\Device\ST\STM32F4xx\Include

<h2>Collection of Component Files used:</h2>
Build Time Elapsed:  00:00:11
</pre>
</body>
</html>
