<html>
<body>
<pre>
<h1>µVision Build Log</h1>
<h2>Tool Versions:</h2>
IDE-Version: ¦ÌVision V5.33.0.0
Copyright (C) 2020 ARM Ltd and ARM Germany GmbH. All rights reserved.
License Information: S x, HP Inc., LIC=TIVDY-I0V3J-H8AFS-LNJUA-CFL8E-E8IHU
 
Tool Versions:
Toolchain:       MDK-ARM Plus  Version: 5.33.0.0
Toolchain Path:  D:\Keil v5\ARM\ARMCC\Bin
C Compiler:      Armcc.exe V5.06 update 7 (build 960)
Assembler:       Armasm.exe V5.06 update 7 (build 960)
Linker/Locator:  ArmLink.exe V5.06 update 7 (build 960)
Library Manager: ArmAr.exe V5.06 update 7 (build 960)
Hex Converter:   FromElf.exe V5.06 update 7 (build 960)
CPU DLL:         SARMCM3.DLL V5.33.0.0
Dialog DLL:      DCM.DLL V1.17.3.0
Target DLL:      STLink\ST-LINKIII-KEIL_SWO.dll V3.0.8.0
Dialog DLL:      TCM.DLL V1.48.0.0
 
<h2>Project:</h2>
F:\ROBOMASTER\RM\ÉÚ±ø\standard003\Project\standard.uvprojx
Project File Date:  03/24/2022

<h2>Output:</h2>
*** Using Compiler 'V5.06 update 7 (build 960)', folder: 'D:\Keil v5\ARM\ARMCC\Bin'
Build target 'standard'
compiling gimbal_task.c...
..\user\APP\gimbal_task\gimbal_task.c(230): warning:  #177-D: function "calc_turn_angle"  was declared but never referenced
  static void calc_turn_angle(fp32 *angle_last, fp32 *angle_now)
..\user\APP\gimbal_task\gimbal_task.c: 1 warning, 0 errors
linking...
Program Size: Code=44436 RO-data=3532 RW-data=512 ZI-data=135400  
FromELF: creating hex file...
".\Objects\infantry.axf" - 0 Error(s), 1 Warning(s).

<h2>Software Packages used:</h2>

Package Vendor: Keil
                http://www.keil.com/pack/Keil.STM32F4xx_DFP.2.15.0.pack
                Keil.STM32F4xx_DFP.2.15.0
                STMicroelectronics STM32F4 Series Device Support, Drivers and Examples

<h2>Collection of Component include folders:</h2>
  D:\Keil v5\ARM\PACK\Keil\STM32F4xx_DFP\2.15.0\Drivers\CMSIS\Device\ST\STM32F4xx\Include

<h2>Collection of Component Files used:</h2>
Build Time Elapsed:  00:00:03
</pre>
</body>
</html>
